Archive member included to satisfy reference by file (symbol)

/Applications/microchip/xc32/v4.00/bin/bin/../../lib/gcc/pic32c/8.3.1/../../../../pic32c/lib/thumb/v7e-m+dp/hard/libpic32c.a(data_init.o)
                              build/poop_config/production/_ext/514050002/startup_xc32.o (__pic32c_data_initialization)
/Applications/microchip/xc32/v4.00/bin/bin/../../lib/gcc/pic32c/8.3.1/../../../../pic32c/lib/thumb/v7e-m+dp/hard/libc-musl.a(__libc_start_main.o)
                              build/poop_config/production/_ext/514050002/startup_xc32.o (__libc_init_array)
/Applications/microchip/xc32/v4.00/bin/bin/../../lib/gcc/pic32c/8.3.1/../../../../pic32c/lib/thumb/v7e-m+dp/hard/libc-musl.a(libc.o)
                              /Applications/microchip/xc32/v4.00/bin/bin/../../lib/gcc/pic32c/8.3.1/../../../../pic32c/lib/thumb/v7e-m+dp/hard/libc-musl.a(__libc_start_main.o) (__progname_full)
/Applications/microchip/xc32/v4.00/bin/bin/../../lib/gcc/pic32c/8.3.1/../../../../pic32c/lib/thumb/v7e-m+dp/hard/libc-musl.a(printf.o)
                              build/poop_config/production/_ext/417897552/drv_bm71.o (printf)
/Applications/microchip/xc32/v4.00/bin/bin/../../lib/gcc/pic32c/8.3.1/../../../../pic32c/lib/thumb/v7e-m+dp/hard/libc-musl.a(puts.o)
                              build/poop_config/production/_ext/417897552/drv_bm71_command_decode.o (puts)
/Applications/microchip/xc32/v4.00/bin/bin/../../lib/gcc/pic32c/8.3.1/../../../../pic32c/lib/thumb/v7e-m+dp/hard/libc-musl.a(memcpy.o)
                              build/poop_config/production/_ext/1722315984/plib_efc.o (memcpy)
/Applications/microchip/xc32/v4.00/bin/bin/../../lib/gcc/pic32c/8.3.1/../../../../pic32c/lib/thumb/v7e-m+dp/hard/libc-musl.a(memset.o)
                              build/poop_config/production/_ext/114881631/sys_time.o (memset)
/Applications/microchip/xc32/v4.00/bin/bin/../../lib/gcc/pic32c/8.3.1/../../../../pic32c/lib/thumb/v7e-m+dp/hard/libc-musl.a(__environ.o)
                              /Applications/microchip/xc32/v4.00/bin/bin/../../lib/gcc/pic32c/8.3.1/../../../../pic32c/lib/thumb/v7e-m+dp/hard/libc-musl.a(__libc_start_main.o) (__environ)
/Applications/microchip/xc32/v4.00/bin/bin/../../lib/gcc/pic32c/8.3.1/../../../../pic32c/lib/thumb/v7e-m+dp/hard/libc-musl.a(fputs.o)
                              /Applications/microchip/xc32/v4.00/bin/bin/../../lib/gcc/pic32c/8.3.1/../../../../pic32c/lib/thumb/v7e-m+dp/hard/libc-musl.a(puts.o) (fputs)
/Applications/microchip/xc32/v4.00/bin/bin/../../lib/gcc/pic32c/8.3.1/../../../../pic32c/lib/thumb/v7e-m+dp/hard/libc-musl.a(fwrite.o)
                              /Applications/microchip/xc32/v4.00/bin/bin/../../lib/gcc/pic32c/8.3.1/../../../../pic32c/lib/thumb/v7e-m+dp/hard/libc-musl.a(fputs.o) (fwrite)
/Applications/microchip/xc32/v4.00/bin/bin/../../lib/gcc/pic32c/8.3.1/../../../../pic32c/lib/thumb/v7e-m+dp/hard/libc-musl.a(putc.o)
                              /Applications/microchip/xc32/v4.00/bin/bin/../../lib/gcc/pic32c/8.3.1/../../../../pic32c/lib/thumb/v7e-m+dp/hard/libc-musl.a(puts.o) (putc_unlocked)
/Applications/microchip/xc32/v4.00/bin/bin/../../lib/gcc/pic32c/8.3.1/../../../../pic32c/lib/thumb/v7e-m+dp/hard/libc-musl.a(stdout.o)
                              /Applications/microchip/xc32/v4.00/bin/bin/../../lib/gcc/pic32c/8.3.1/../../../../pic32c/lib/thumb/v7e-m+dp/hard/libc-musl.a(printf.o) (_stdout)
/Applications/microchip/xc32/v4.00/bin/bin/../../lib/gcc/pic32c/8.3.1/../../../../pic32c/lib/thumb/v7e-m+dp/hard/libc-musl.a(vfprintf.o)
                              /Applications/microchip/xc32/v4.00/bin/bin/../../lib/gcc/pic32c/8.3.1/../../../../pic32c/lib/thumb/v7e-m+dp/hard/libc-musl.a(printf.o) (vfprintf)
/Applications/microchip/xc32/v4.00/bin/bin/../../lib/gcc/pic32c/8.3.1/../../../../pic32c/lib/thumb/v7e-m+dp/hard/libc-musl.a(strlen.o)
                              /Applications/microchip/xc32/v4.00/bin/bin/../../lib/gcc/pic32c/8.3.1/../../../../pic32c/lib/thumb/v7e-m+dp/hard/libc-musl.a(fputs.o) (strlen)
/Applications/microchip/xc32/v4.00/bin/bin/../../lib/gcc/pic32c/8.3.1/../../../../pic32c/lib/thumb/v7e-m+dp/hard/libc-musl.a(__io_fmt_needed.o)
                              /Applications/microchip/xc32/v4.00/bin/bin/../../lib/gcc/pic32c/8.3.1/../../../../pic32c/lib/thumb/v7e-m+dp/hard/libc-musl.a(vfprintf.o) (__io_fmt_needed)
/Applications/microchip/xc32/v4.00/bin/bin/../../lib/gcc/pic32c/8.3.1/../../../../pic32c/lib/thumb/v7e-m+dp/hard/libc-musl.a(__io_init_needed.o)
                              /Applications/microchip/xc32/v4.00/bin/bin/../../lib/gcc/pic32c/8.3.1/../../../../pic32c/lib/thumb/v7e-m+dp/hard/libc-musl.a(stdout.o) (__io_init_needed)
/Applications/microchip/xc32/v4.00/bin/bin/../../lib/gcc/pic32c/8.3.1/../../../../pic32c/lib/thumb/v7e-m+dp/hard/libc-musl.a(__out.o)
                              /Applications/microchip/xc32/v4.00/bin/bin/../../lib/gcc/pic32c/8.3.1/../../../../pic32c/lib/thumb/v7e-m+dp/hard/libc-musl.a(putc.o) (__out_needed)
[...]
Memory Configuration

Name             Origin             Length             Attributes
rom              0x00400000         0x00200000         xrl
ram              0x20400000         0x00060000         xw !r
itcm             0x00000000         0x00000000         xw
dtcm             0x20000000         0x00000000         xw !r
config_D0000000  0xd0000000         0x00000004
config_D0000008  0xd0000008         0x00000004
config_D0000004  0xd0000004         0x00000004
config_D000000C  0xd000000c         0x00000004
config_D0000010  0xd0000010         0x00000004
*default*        0x00000000         0xffffffff

Linker script and memory map

LOAD /Applications/microchip/xc32/v4.00/bin/bin/../../lib/gcc/pic32c/8.3.1/thumb/v7e-m+dp/hard/crti.o
LOAD /Applications/microchip/xc32/v4.00/bin/bin/../../lib/gcc/pic32c/8.3.1/thumb/v7e-m+dp/hard/crtbegin.o
LOAD build/poop_config/production/_ext/350270242/bsp.o
LOAD build/poop_config/production/_ext/417897552/drv_bm71.o
LOAD build/poop_config/production/_ext/417897552/drv_bm71_ble.o
LOAD build/poop_config/production/_ext/417897552/drv_bm71_command_decode.o
LOAD build/poop_config/production/_ext/417897552/drv_bm71_command_send.o
LOAD build/poop_config/production/_ext/417897552/drv_bm71_gpio.o
LOAD build/poop_config/production/_ext/417897552/drv_bm71_uart.o
LOAD build/poop_config/production/_ext/2026911312/osal_freertos.o
LOAD build/poop_config/production/_ext/1722314256/plib_clk.o
LOAD build/poop_config/production/_ext/1722315984/plib_efc.o
LOAD build/poop_config/production/_ext/1852471732/plib_nvic.o
LOAD build/poop_config/production/_ext/1722326660/plib_pio.o
LOAD build/poop_config/production/_ext/2022650943/plib_tc0.o
LOAD build/poop_config/production/_ext/1598417011/plib_usart0.o
LOAD build/poop_config/production/_ext/1586531992/xc32_monitor.o
LOAD build/poop_config/production/_ext/1329628189/sys_cache.o
LOAD build/poop_config/production/_ext/751150107/sys_int.o
LOAD build/poop_config/production/_ext/114881631/sys_time.o
LOAD build/poop_config/production/_ext/514050002/initialization.o
LOAD build/poop_config/production/_ext/514050002/interrupts.o
LOAD build/poop_config/production/_ext/514050002/exceptions.o
LOAD build/poop_config/production/_ext/514050002/startup_xc32.o
LOAD build/poop_config/production/_ext/514050002/libc_syscalls.o
LOAD build/poop_config/production/_ext/514050002/freertos_hooks.o
LOAD build/poop_config/production/_ext/514050002/tasks.o
LOAD build/poop_config/production/_ext/977623654/port.o
LOAD build/poop_config/production/_ext/1665200909/heap_1.o
LOAD build/poop_config/production/_ext/404212886/croutine.o
LOAD build/poop_config/production/_ext/404212886/list.o
LOAD build/poop_config/production/_ext/404212886/queue.o
LOAD build/poop_config/production/_ext/404212886/FreeRTOS_tasks.o
LOAD build/poop_config/production/_ext/404212886/timers.o
LOAD build/poop_config/production/_ext/404212886/event_groups.o
LOAD build/poop_config/production/_ext/404212886/stream_buffer.o
LOAD build/poop_config/production/_ext/1360937237/main.o
LOAD build/poop_config/production/_ext/1360937237/app.o
                0x00000001                __MPLAB_BUILD = 0x1
                0x00600000                __rom_end = (ORIGIN (rom) + LENGTH (rom))
                0x20460000                __ram_end = (ORIGIN (ram) + LENGTH (ram))

.config_D0000000
 *(.config_D0000000)

.config_D0000008
 *(.config_D0000008)

.config_D0000004
 *(.config_D0000004)

.config_D000000C
 *(.config_D000000C)

.config_D0000010
 *(.config_D0000010)

.vectors        0x00400000      0x168
                0x00400000                . = ALIGN (0x4)
                0x00400000                _sfixed = .
 *(.vectors .vectors.* .vectors_default .vectors_default.*)
 .vectors.exception_table
                0x00400000      0x168 build/poop_config/production/_ext/514050002/interrupts.o
                0x00400000                exception_table
 *(.isr_vector)
 *(.reset*)
 *(.after_vectors)

.text           0x00400168       0x20
                0x00400168                . = ALIGN (0x4)
 *(.glue_7t)
 .glue_7t       0x00400168        0x0 linker stubs
 *(.glue_7)
 .glue_7        0x00400168        0x0 linker stubs
 *(.gnu.linkonce.r.*)
 *(.ARM.extab* .gnu.linkonce.armextab.*)
                0x00400168                . = ALIGN (0x4)
 *(.init)
 .init          0x00400168        0x4 /Applications/microchip/xc32/v4.00/bin/bin/../../lib/gcc/pic32c/8.3.1/thumb/v7e-m+dp/hard/crti.o
                0x00400168                _init
 .init          0x0040016c        0x8 /Applications/microchip/xc32/v4.00/bin/bin/../../lib/gcc/pic32c/8.3.1/thumb/v7e-m+dp/hard/crtn.o
                0x00400174                . = ALIGN (0x4)
                0x00400174                __preinit_array_start = .
 *(.preinit_array)
                0x00400174                __preinit_array_end = .
                0x00400174                . = ALIGN (0x4)
                0x00400174                __init_array_start = .
 *(SORT_BY_NAME(.init_array.*))
 *(.init_array)
 .init_array    0x00400174        0x4 /Applications/microchip/xc32/v4.00/bin/bin/../../lib/gcc/pic32c/8.3.1/thumb/v7e-m+dp/hard/crtbegin.o
                0x00400178                __init_array_end = .
                0x00400178                . = ALIGN (0x4)
 *crtbegin.o(.ctors)
 *(EXCLUDE_FILE(*crtend.o) .ctors)
 *(SORT_BY_NAME(.ctors.*))
 *crtend.o(.ctors)
                0x00400178                . = ALIGN (0x4)
 *(.fini)
 .fini          0x00400178        0x4 /Applications/microchip/xc32/v4.00/bin/bin/../../lib/gcc/pic32c/8.3.1/thumb/v7e-m+dp/hard/crti.o
                0x00400178                _fini
 .fini          0x0040017c        0x8 /Applications/microchip/xc32/v4.00/bin/bin/../../lib/gcc/pic32c/8.3.1/thumb/v7e-m+dp/hard/crtn.o
                0x00400184                . = ALIGN (0x4)
                0x00400184                __fini_array_start = .
 *(.fini_array)
 .fini_array    0x00400184        0x4 /Applications/microchip/xc32/v4.00/bin/bin/../../lib/gcc/pic32c/8.3.1/thumb/v7e-m+dp/hard/crtbegin.o
 *(SORT_BY_NAME(.fini_array.*))
                0x00400188                __fini_array_end = .
 *crtbegin.o(.dtors)
 *(EXCLUDE_FILE(*crtend.o) .dtors)
 *(SORT_BY_NAME(.dtors.*))
 *crtend.o(.dtors)
                0x00400188                . = ALIGN (0x4)
                0x00400188                _efixed = .
                [!provide]                PROVIDE (__exidx_start = .)

.ARM.exidx      0x00400188        0x8
 *(.ARM.exidx* .gnu.linkonce.armexidx.*)
 .ARM.exidx     0x00400188        0x8 /Applications/microchip/xc32/v4.00/bin/bin/../../lib/gcc/pic32c/8.3.1/thumb/v7e-m+dp/hard/libgcc.a(_udivmoddi4.o)
                [!provide]                PROVIDE (__exidx_end = .)
                0x00400190                . = ALIGN (0x4)
                0x00400190                _etext = .

.bss            0x20400000        0x0
                0x20400000                . = ALIGN (0x4)
                0x20400000                __bss_start__ = .
                0x20400000                _sbss = .
                0x20400000                _szero = .
 *(COMMON)
                0x20400000                . = ALIGN (0x4)
                0x20400000                __bss_end__ = .
                0x20400000                _ebss = .
                0x20400000                _ezero = .
                0x20400000                . = ALIGN (0x4)
                0x20400000                _end = .
                0x2045ffff                _ram_end_ = ((ORIGIN (ram) + LENGTH (ram)) - 0x1)
                0x00000200                _min_heap_size = 0x200
START GROUP
LOAD /Applications/microchip/xc32/v4.00/bin/bin/../../lib/gcc/pic32c/8.3.1/../../../../pic32c/lib/thumb/v7e-m+dp/hard/libpic32c.a
LOAD /Applications/microchip/xc32/v4.00/bin/bin/../../lib/gcc/pic32c/8.3.1/../../../../pic32c/lib/thumb/v7e-m+dp/hard/libm-emfloat.a
LOAD /Applications/microchip/xc32/v4.00/bin/bin/../../lib/gcc/pic32c/8.3.1/../../../../pic32c/lib/thumb/v7e-m+dp/hard/libc-musl.a
LOAD /Applications/microchip/xc32/v4.00/bin/bin/../../lib/gcc/pic32c/8.3.1/../../../../pic32c/lib/thumb/v7e-m+dp/hard/libm-emfloat.a
LOAD /Applications/microchip/xc32/v4.00/bin/bin/../../lib/gcc/pic32c/8.3.1/thumb/v7e-m+dp/hard/libgcc.a
END GROUP
LOAD /Applications/microchip/xc32/v4.00/bin/bin/../../lib/gcc/pic32c/8.3.1/thumb/v7e-m+dp/hard/crtend.o
LOAD /Applications/microchip/xc32/v4.00/bin/bin/../../lib/gcc/pic32c/8.3.1/thumb/v7e-m+dp/hard/crtn.o
OUTPUT(dist/poop_config/production/poop.X.production.elf elf32-littlearm)
LOAD stack
LOAD data_init

.ARM.attributes
                0x00000000       0x32
 .ARM.attributes
                0x00000000       0x1e /Applications/microchip/xc32/v4.00/bin/bin/../../lib/gcc/pic32c/8.3.1/thumb/v7e-m+dp/hard/crti.o
 .ARM.attributes
                0x0000001e       0x32 /Applications/microchip/xc32/v4.00/bin/bin/../../lib/gcc/pic32c/8.3.1/thumb/v7e-m+dp/hard/crtbegin.o
 .ARM.attributes
                0x00000050       0x32 build/poop_config/production/_ext/350270242/bsp.o
 .ARM.attributes
                0x00000082       0x32 build/poop_config/production/_ext/417897552/drv_bm71.o
 .ARM.attributes
                0x000000b4       0x32 build/poop_config/production/_ext/417897552/drv_bm71_ble.o
 .ARM.attributes
                0x000000e6       0x32 build/poop_config/production/_ext/417897552/drv_bm71_command_decode.o
 .ARM.attributes
                0x00000118       0x32 build/poop_config/production/_ext/417897552/drv_bm71_command_send.o
 .ARM.attributes
                0x0000014a       0x32 build/poop_config/production/_ext/417897552/drv_bm71_uart.o
 .ARM.attributes
                0x0000017c       0x32 build/poop_config/production/_ext/2026911312/osal_freertos.o
 .ARM.attributes
                0x000001ae       0x32 build/poop_config/production/_ext/1722314256/plib_clk.o
 .ARM.attributes
                0x000001e0       0x32 build/poop_config/production/_ext/1722315984/plib_efc.o
 .ARM.attributes
                0x00000212       0x32 build/poop_config/production/_ext/1852471732/plib_nvic.o
 .ARM.attributes
                0x00000244       0x32 build/poop_config/production/_ext/1722326660/plib_pio.o
 .ARM.attributes
                0x00000276       0x32 build/poop_config/production/_ext/2022650943/plib_tc0.o
 .ARM.attributes
                0x000002a8       0x32 build/poop_config/production/_ext/1598417011/plib_usart0.o
 .ARM.attributes
                0x000002da       0x32 build/poop_config/production/_ext/1586531992/xc32_monitor.o
 .ARM.attributes
                0x0000030c       0x32 build/poop_config/production/_ext/751150107/sys_int.o
 .ARM.attributes
                0x0000033e       0x32 build/poop_config/production/_ext/114881631/sys_time.o
 .ARM.attributes
                0x00000370       0x32 build/poop_config/production/_ext/514050002/initialization.o
 .ARM.attributes
                0x000003a2       0x32 build/poop_config/production/_ext/514050002/interrupts.o
 .ARM.attributes
                0x000003d4       0x32 build/poop_config/production/_ext/514050002/exceptions.o
 .ARM.attributes
                0x00000406       0x32 build/poop_config/production/_ext/514050002/startup_xc32.o
 .ARM.attributes
                0x00000438       0x32 build/poop_config/production/_ext/514050002/freertos_hooks.o
 .ARM.attributes
                0x0000046a       0x32 build/poop_config/production/_ext/514050002/tasks.o
 .ARM.attributes
                0x0000049c       0x32 build/poop_config/production/_ext/977623654/port.o
 .ARM.attributes
                0x000004ce       0x32 build/poop_config/production/_ext/1665200909/heap_1.o
 .ARM.attributes
                0x00000500       0x32 build/poop_config/production/_ext/404212886/list.o
 .ARM.attributes
                0x00000532       0x32 build/poop_config/production/_ext/404212886/queue.o
 .ARM.attributes
                0x00000564       0x32 build/poop_config/production/_ext/404212886/FreeRTOS_tasks.o
 .ARM.attributes
                0x00000596       0x32 build/poop_config/production/_ext/1360937237/main.o
 .ARM.attributes
                0x000005c8       0x32 build/poop_config/production/_ext/1360937237/app.o
 .ARM.attributes
                0x000005fa       0x32 /Applications/microchip/xc32/v4.00/bin/bin/../../lib/gcc/pic32c/8.3.1/../../../../pic32c/lib/thumb/v7e-m+dp/hard/libpic32c.a(data_init.o)
 .ARM.attributes
                0x0000062c       0x34 /Applications/microchip/xc32/v4.00/bin/bin/../../lib/gcc/pic32c/8.3.1/../../../../pic32c/lib/thumb/v7e-m+dp/hard/libc-musl.a(__libc_start_main.o)
 .ARM.attributes
                0x00000660       0x32 /Applications/microchip/xc32/v4.00/bin/bin/../../lib/gcc/pic32c/8.3.1/../../../../pic32c/lib/thumb/v7e-m+dp/hard/libc-musl.a(libc.o)
 .ARM.attributes
                0x00000692       0x34 /Applications/microchip/xc32/v4.00/bin/bin/../../lib/gcc/pic32c/8.3.1/../../../../pic32c/lib/thumb/v7e-m+dp/hard/libc-musl.a(printf.o)
 .ARM.attributes
                0x000006c6       0x34 /Applications/microchip/xc32/v4.00/bin/bin/../../lib/gcc/pic32c/8.3.1/../../../../pic32c/lib/thumb/v7e-m+dp/hard/libc-musl.a(puts.o)
 .ARM.attributes
                0x000006fa       0x34 /Applications/microchip/xc32/v4.00/bin/bin/../../lib/gcc/pic32c/8.3.1/../../../../pic32c/lib/thumb/v7e-m+dp/hard/libc-musl.a(memcpy.o)
 .ARM.attributes
                0x0000072e       0x34 /Applications/microchip/xc32/v4.00/bin/bin/../../lib/gcc/pic32c/8.3.1/../../../../pic32c/lib/thumb/v7e-m+dp/hard/libc-musl.a(memset.o)
 .ARM.attributes
                0x00000762       0x32 /Applications/microchip/xc32/v4.00/bin/bin/../../lib/gcc/pic32c/8.3.1/../../../../pic32c/lib/thumb/v7e-m+dp/hard/libc-musl.a(__environ.o)
 .ARM.attributes
                0x00000794       0x34 /Applications/microchip/xc32/v4.00/bin/bin/../../lib/gcc/pic32c/8.3.1/../../../../pic32c/lib/thumb/v7e-m+dp/hard/libc-musl.a(fputs.o)
 .ARM.attributes
                0x000007c8       0x34 /Applications/microchip/xc32/v4.00/bin/bin/../../lib/gcc/pic32c/8.3.1/../../../../pic32c/lib/thumb/v7e-m+dp/hard/libc-musl.a(fwrite.o)
 .ARM.attributes
                0x000007fc       0x34 /Applications/microchip/xc32/v4.00/bin/bin/../../lib/gcc/pic32c/8.3.1/../../../../pic32c/lib/thumb/v7e-m+dp/hard/libc-musl.a(putc.o)
 .ARM.attributes
                0x00000830       0x34 /Applications/microchip/xc32/v4.00/bin/bin/../../lib/gcc/pic32c/8.3.1/../../../../pic32c/lib/thumb/v7e-m+dp/hard/libc-musl.a(stdout.o)
 .ARM.attributes
                0x00000864       0x34 /Applications/microchip/xc32/v4.00/bin/bin/../../lib/gcc/pic32c/8.3.1/../../../../pic32c/lib/thumb/v7e-m+dp/hard/libc-musl.a(vfprintf.o)
 .ARM.attributes
                0x00000898       0x34 /Applications/microchip/xc32/v4.00/bin/bin/../../lib/gcc/pic32c/8.3.1/../../../../pic32c/lib/thumb/v7e-m+dp/hard/libc-musl.a(strlen.o)
 .ARM.attributes
                0x000008cc       0x34 /Applications/microchip/xc32/v4.00/bin/bin/../../lib/gcc/pic32c/8.3.1/../../../../pic32c/lib/thumb/v7e-m+dp/hard/libc-musl.a(__out.o)
 .ARM.attributes
                0x00000900       0x34 /Applications/microchip/xc32/v4.00/bin/bin/../../lib/gcc/pic32c/8.3.1/../../../../pic32c/lib/thumb/v7e-m+dp/hard/libc-musl.a(__printf_core.o)
 .ARM.attributes
                0x00000934       0x34 /Applications/microchip/xc32/v4.00/bin/bin/../../lib/gcc/pic32c/8.3.1/../../../../pic32c/lib/thumb/v7e-m+dp/hard/libc-musl.a(atoi.o)
 .ARM.attributes
                0x00000968       0x34 /Applications/microchip/xc32/v4.00/bin/bin/../../lib/gcc/pic32c/8.3.1/../../../../pic32c/lib/thumb/v7e-m+dp/hard/libc-musl.a(tolower.o)
 .ARM.attributes
                0x0000099c       0x32 /Applications/microchip/xc32/v4.00/bin/bin/../../lib/gcc/pic32c/8.3.1/../../../../pic32c/lib/thumb/v7e-m+dp/hard/libc-musl.a(__errno_location.o)
 .ARM.attributes
                0x000009ce       0x34 /Applications/microchip/xc32/v4.00/bin/bin/../../lib/gcc/pic32c/8.3.1/../../../../pic32c/lib/thumb/v7e-m+dp/hard/libc-musl.a(__fmt_a.o)
 .ARM.attributes
                0x00000a02       0x34 /Applications/microchip/xc32/v4.00/bin/bin/../../lib/gcc/pic32c/8.3.1/../../../../pic32c/lib/thumb/v7e-m+dp/hard/libc-musl.a(__fmt_d.o)
 .ARM.attributes
                0x00000a36       0x34 /Applications/microchip/xc32/v4.00/bin/bin/../../lib/gcc/pic32c/8.3.1/../../../../pic32c/lib/thumb/v7e-m+dp/hard/libc-musl.a(__fmt_fp.o)
 .ARM.attributes
                0x00000a6a       0x34 /Applications/microchip/xc32/v4.00/bin/bin/../../lib/gcc/pic32c/8.3.1/../../../../pic32c/lib/thumb/v7e-m+dp/hard/libc-musl.a(__fmt_o.o)
 .ARM.attributes
                0x00000a9e       0x34 /Applications/microchip/xc32/v4.00/bin/bin/../../lib/gcc/pic32c/8.3.1/../../../../pic32c/lib/thumb/v7e-m+dp/hard/libc-musl.a(__fmt_s.o)
 .ARM.attributes
                0x00000ad2       0x34 /Applications/microchip/xc32/v4.00/bin/bin/../../lib/gcc/pic32c/8.3.1/../../../../pic32c/lib/thumb/v7e-m+dp/hard/libc-musl.a(__fmt_u.o)
 .ARM.attributes
                0x00000b06       0x34 /Applications/microchip/xc32/v4.00/bin/bin/../../lib/gcc/pic32c/8.3.1/../../../../pic32c/lib/thumb/v7e-m+dp/hard/libc-musl.a(__fmt_x.o)
 .ARM.attributes
                0x00000b3a       0x34 /Applications/microchip/xc32/v4.00/bin/bin/../../lib/gcc/pic32c/8.3.1/../../../../pic32c/lib/thumb/v7e-m+dp/hard/libc-musl.a(__init_stdio.o)
 .ARM.attributes
                0x00000b6e       0x34 /Applications/microchip/xc32/v4.00/bin/bin/../../lib/gcc/pic32c/8.3.1/../../../../pic32c/lib/thumb/v7e-m+dp/hard/libc-musl.a(__pop_float.o)
 .ARM.attributes
                0x00000ba2       0x34 /Applications/microchip/xc32/v4.00/bin/bin/../../lib/gcc/pic32c/8.3.1/../../../../pic32c/lib/thumb/v7e-m+dp/hard/libc-musl.a(__pop_int.o)
 .ARM.attributes
                0x00000bd6       0x34 /Applications/microchip/xc32/v4.00/bin/bin/../../lib/gcc/pic32c/8.3.1/../../../../pic32c/lib/thumb/v7e-m+dp/hard/libc-musl.a(__pop_ptr.o)
 .ARM.attributes
                0x00000c0a       0x34 /Applications/microchip/xc32/v4.00/bin/bin/../../lib/gcc/pic32c/8.3.1/../../../../pic32c/lib/thumb/v7e-m+dp/hard/libc-musl.a(strcpy.o)
 .ARM.attributes
                0x00000c3e       0x34 /Applications/microchip/xc32/v4.00/bin/bin/../../lib/gcc/pic32c/8.3.1/../../../../pic32c/lib/thumb/v7e-m+dp/hard/libc-musl.a(toupper.o)
 .ARM.attributes
                0x00000c72       0x34 /Applications/microchip/xc32/v4.00/bin/bin/../../lib/gcc/pic32c/8.3.1/../../../../pic32c/lib/thumb/v7e-m+dp/hard/libc-musl.a(stpcpy.o)
 .ARM.attributes
                0x00000ca6       0x32 /Applications/microchip/xc32/v4.00/bin/bin/../../lib/gcc/pic32c/8.3.1/../../../../pic32c/lib/thumb/v7e-m+dp/hard/libm-emfloat.a(lib_a-_FLOOR.o)
 .ARM.attributes
                0x00000cd8       0x1e /Applications/microchip/xc32/v4.00/bin/bin/../../lib/gcc/pic32c/8.3.1/thumb/v7e-m+dp/hard/libgcc.a(_aeabi_uldivmod.o)
 .ARM.attributes
                0x00000cf6       0x32 /Applications/microchip/xc32/v4.00/bin/bin/../../lib/gcc/pic32c/8.3.1/thumb/v7e-m+dp/hard/libgcc.a(_udivmoddi4.o)
 .ARM.attributes
                0x00000d28       0x1e /Applications/microchip/xc32/v4.00/bin/bin/../../lib/gcc/pic32c/8.3.1/thumb/v7e-m+dp/hard/libgcc.a(_dvmd_tls.o)
 .ARM.attributes
                0x00000d46       0x32 /Applications/microchip/xc32/v4.00/bin/bin/../../lib/gcc/pic32c/8.3.1/../../../../pic32c/lib/thumb/v7e-m+dp/hard/libpic32c.a(write.o)
 .ARM.attributes
                0x00000d78       0x1e /Applications/microchip/xc32/v4.00/bin/bin/../../lib/gcc/pic32c/8.3.1/thumb/v7e-m+dp/hard/crtn.o

.comment        0x00000000       0x53
 .comment       0x00000000       0x53 /Applications/microchip/xc32/v4.00/bin/bin/../../lib/gcc/pic32c/8.3.1/thumb/v7e-m+dp/hard/crtbegin.o
                                 0x54 (size before relaxing)
 .comment       0x00000053       0x54 build/poop_config/production/_ext/350270242/bsp.o
 .comment       0x00000053       0x54 build/poop_config/production/_ext/417897552/drv_bm71.o
 .comment       0x00000053       0x54 build/poop_config/production/_ext/417897552/drv_bm71_ble.o
 .comment       0x00000053       0x54 build/poop_config/production/_ext/417897552/drv_bm71_command_decode.o
 .comment       0x00000053       0x54 build/poop_config/production/_ext/417897552/drv_bm71_command_send.o
 .comment       0x00000053       0x54 build/poop_config/production/_ext/417897552/drv_bm71_uart.o
 .comment       0x00000053       0x54 build/poop_config/production/_ext/2026911312/osal_freertos.o
 .comment       0x00000053       0x54 build/poop_config/production/_ext/1722314256/plib_clk.o
 .comment       0x00000053       0x54 build/poop_config/production/_ext/1722315984/plib_efc.o
 .comment       0x00000053       0x54 build/poop_config/production/_ext/1852471732/plib_nvic.o
 .comment       0x00000053       0x54 build/poop_config/production/_ext/1722326660/plib_pio.o
 .comment       0x00000053       0x54 build/poop_config/production/_ext/2022650943/plib_tc0.o
 .comment       0x00000053       0x54 build/poop_config/production/_ext/1598417011/plib_usart0.o
 .comment       0x00000053       0x54 build/poop_config/production/_ext/1586531992/xc32_monitor.o
 .comment       0x00000053       0x54 build/poop_config/production/_ext/751150107/sys_int.o
 .comment       0x00000053       0x54 build/poop_config/production/_ext/114881631/sys_time.o
 .comment       0x00000053       0x54 build/poop_config/production/_ext/514050002/initialization.o
 .comment       0x00000053       0x54 build/poop_config/production/_ext/514050002/interrupts.o
 .comment       0x00000053       0x54 build/poop_config/production/_ext/514050002/exceptions.o
 .comment       0x00000053       0x54 build/poop_config/production/_ext/514050002/startup_xc32.o
 .comment       0x00000053       0x54 build/poop_config/production/_ext/514050002/freertos_hooks.o
 .comment       0x00000053       0x54 build/poop_config/production/_ext/514050002/tasks.o
 .comment       0x00000053       0x54 build/poop_config/production/_ext/977623654/port.o
 .comment       0x00000053       0x54 build/poop_config/production/_ext/1665200909/heap_1.o
 .comment       0x00000053       0x54 build/poop_config/production/_ext/404212886/list.o
 .comment       0x00000053       0x54 build/poop_config/production/_ext/404212886/queue.o
 .comment       0x00000053       0x54 build/poop_config/production/_ext/404212886/FreeRTOS_tasks.o
 .comment       0x00000053       0x54 build/poop_config/production/_ext/1360937237/main.o
 .comment       0x00000053       0x54 build/poop_config/production/_ext/1360937237/app.o
 .comment       0x00000053       0x54 /Applications/microchip/xc32/v4.00/bin/bin/../../lib/gcc/pic32c/8.3.1/../../../../pic32c/lib/thumb/v7e-m+dp/hard/libpic32c.a(data_init.o)
 .comment       0x00000053       0x54 /Applications/microchip/xc32/v4.00/bin/bin/../../lib/gcc/pic32c/8.3.1/../../../../pic32c/lib/thumb/v7e-m+dp/hard/libc-musl.a(__libc_start_main.o)
 .comment       0x00000053       0x54 /Applications/microchip/xc32/v4.00/bin/bin/../../lib/gcc/pic32c/8.3.1/../../../../pic32c/lib/thumb/v7e-m+dp/hard/libc-musl.a(libc.o)
 .comment       0x00000053       0x54 /Applications/microchip/xc32/v4.00/bin/bin/../../lib/gcc/pic32c/8.3.1/../../../../pic32c/lib/thumb/v7e-m+dp/hard/libc-musl.a(printf.o)
 .comment       0x00000053       0x54 /Applications/microchip/xc32/v4.00/bin/bin/../../lib/gcc/pic32c/8.3.1/../../../../pic32c/lib/thumb/v7e-m+dp/hard/libc-musl.a(puts.o)
 .comment       0x00000053       0x54 /Applications/microchip/xc32/v4.00/bin/bin/../../lib/gcc/pic32c/8.3.1/../../../../pic32c/lib/thumb/v7e-m+dp/hard/libc-musl.a(memcpy.o)
 .comment       0x00000053       0x54 /Applications/microchip/xc32/v4.00/bin/bin/../../lib/gcc/pic32c/8.3.1/../../../../pic32c/lib/thumb/v7e-m+dp/hard/libc-musl.a(memset.o)
 .comment       0x00000053       0x54 /Applications/microchip/xc32/v4.00/bin/bin/../../lib/gcc/pic32c/8.3.1/../../../../pic32c/lib/thumb/v7e-m+dp/hard/libc-musl.a(__environ.o)
 .comment       0x00000053       0x54 /Applications/microchip/xc32/v4.00/bin/bin/../../lib/gcc/pic32c/8.3.1/../../../../pic32c/lib/thumb/v7e-m+dp/hard/libc-musl.a(fputs.o)
 .comment       0x00000053       0x54 /Applications/microchip/xc32/v4.00/bin/bin/../../lib/gcc/pic32c/8.3.1/../../../../pic32c/lib/thumb/v7e-m+dp/hard/libc-musl.a(fwrite.o)
 .comment       0x00000053       0x54 /Applications/microchip/xc32/v4.00/bin/bin/../../lib/gcc/pic32c/8.3.1/../../../../pic32c/lib/thumb/v7e-m+dp/hard/libc-musl.a(putc.o)
 .comment       0x00000053       0x54 /Applications/microchip/xc32/v4.00/bin/bin/../../lib/gcc/pic32c/8.3.1/../../../../pic32c/lib/thumb/v7e-m+dp/hard/libc-musl.a(stdout.o)
 .comment       0x00000053       0x54 /Applications/microchip/xc32/v4.00/bin/bin/../../lib/gcc/pic32c/8.3.1/../../../../pic32c/lib/thumb/v7e-m+dp/hard/libc-musl.a(vfprintf.o)
 .comment       0x00000053       0x54 /Applications/microchip/xc32/v4.00/bin/bin/../../lib/gcc/pic32c/8.3.1/../../../../pic32c/lib/thumb/v7e-m+dp/hard/libc-musl.a(strlen.o)
 .comment       0x00000053       0x54 /Applications/microchip/xc32/v4.00/bin/bin/../../lib/gcc/pic32c/8.3.1/../../../../pic32c/lib/thumb/v7e-m+dp/hard/libc-musl.a(__out.o)
 .comment       0x00000053       0x54 /Applications/microchip/xc32/v4.00/bin/bin/../../lib/gcc/pic32c/8.3.1/../../../../pic32c/lib/thumb/v7e-m+dp/hard/libc-musl.a(__printf_core.o)
 .comment       0x00000053       0x54 /Applications/microchip/xc32/v4.00/bin/bin/../../lib/gcc/pic32c/8.3.1/../../../../pic32c/lib/thumb/v7e-m+dp/hard/libc-musl.a(atoi.o)
 .comment       0x00000053       0x54 /Applications/microchip/xc32/v4.00/bin/bin/../../lib/gcc/pic32c/8.3.1/../../../../pic32c/lib/thumb/v7e-m+dp/hard/libc-musl.a(tolower.o)
 .comment       0x00000053       0x54 /Applications/microchip/xc32/v4.00/bin/bin/../../lib/gcc/pic32c/8.3.1/../../../../pic32c/lib/thumb/v7e-m+dp/hard/libc-musl.a(__errno_location.o)
 .comment       0x00000053       0x54 /Applications/microchip/xc32/v4.00/bin/bin/../../lib/gcc/pic32c/8.3.1/../../../../pic32c/lib/thumb/v7e-m+dp/hard/libc-musl.a(__fmt_a.o)
 .comment       0x00000053       0x54 /Applications/microchip/xc32/v4.00/bin/bin/../../lib/gcc/pic32c/8.3.1/../../../../pic32c/lib/thumb/v7e-m+dp/hard/libc-musl.a(__fmt_d.o)
 .comment       0x00000053       0x54 /Applications/microchip/xc32/v4.00/bin/bin/../../lib/gcc/pic32c/8.3.1/../../../../pic32c/lib/thumb/v7e-m+dp/hard/libc-musl.a(__fmt_fp.o)
 .comment       0x00000053       0x54 /Applications/microchip/xc32/v4.00/bin/bin/../../lib/gcc/pic32c/8.3.1/../../../../pic32c/lib/thumb/v7e-m+dp/hard/libc-musl.a(__fmt_o.o)
 .comment       0x00000053       0x54 /Applications/microchip/xc32/v4.00/bin/bin/../../lib/gcc/pic32c/8.3.1/../../../../pic32c/lib/thumb/v7e-m+dp/hard/libc-musl.a(__fmt_s.o)
 .comment       0x00000053       0x54 /Applications/microchip/xc32/v4.00/bin/bin/../../lib/gcc/pic32c/8.3.1/../../../../pic32c/lib/thumb/v7e-m+dp/hard/libc-musl.a(__fmt_u.o)
 .comment       0x00000053       0x54 /Applications/microchip/xc32/v4.00/bin/bin/../../lib/gcc/pic32c/8.3.1/../../../../pic32c/lib/thumb/v7e-m+dp/hard/libc-musl.a(__fmt_x.o)
 .comment       0x00000053       0x54 /Applications/microchip/xc32/v4.00/bin/bin/../../lib/gcc/pic32c/8.3.1/../../../../pic32c/lib/thumb/v7e-m+dp/hard/libc-musl.a(__init_stdio.o)
 .comment       0x00000053       0x54 /Applications/microchip/xc32/v4.00/bin/bin/../../lib/gcc/pic32c/8.3.1/../../../../pic32c/lib/thumb/v7e-m+dp/hard/libc-musl.a(__pop_float.o)
 .comment       0x00000053       0x54 /Applications/microchip/xc32/v4.00/bin/bin/../../lib/gcc/pic32c/8.3.1/../../../../pic32c/lib/thumb/v7e-m+dp/hard/libc-musl.a(__pop_int.o)
 .comment       0x00000053       0x54 /Applications/microchip/xc32/v4.00/bin/bin/../../lib/gcc/pic32c/8.3.1/../../../../pic32c/lib/thumb/v7e-m+dp/hard/libc-musl.a(__pop_ptr.o)
 .comment       0x00000053       0x54 /Applications/microchip/xc32/v4.00/bin/bin/../../lib/gcc/pic32c/8.3.1/../../../../pic32c/lib/thumb/v7e-m+dp/hard/libc-musl.a(strcpy.o)
 .comment       0x00000053       0x54 /Applications/microchip/xc32/v4.00/bin/bin/../../lib/gcc/pic32c/8.3.1/../../../../pic32c/lib/thumb/v7e-m+dp/hard/libc-musl.a(toupper.o)
 .comment       0x00000053       0x54 /Applications/microchip/xc32/v4.00/bin/bin/../../lib/gcc/pic32c/8.3.1/../../../../pic32c/lib/thumb/v7e-m+dp/hard/libc-musl.a(stpcpy.o)
 .comment       0x00000053       0x54 /Applications/microchip/xc32/v4.00/bin/bin/../../lib/gcc/pic32c/8.3.1/../../../../pic32c/lib/thumb/v7e-m+dp/hard/libm-emfloat.a(lib_a-_FLOOR.o)
 .comment       0x00000053       0x54 /Applications/microchip/xc32/v4.00/bin/bin/../../lib/gcc/pic32c/8.3.1/thumb/v7e-m+dp/hard/libgcc.a(_udivmoddi4.o)
 .comment       0x00000053       0x54 /Applications/microchip/xc32/v4.00/bin/bin/../../lib/gcc/pic32c/8.3.1/../../../../pic32c/lib/thumb/v7e-m+dp/hard/libpic32c.a(write.o)

.debug_info     0x00000000    0x2aab0
 .debug_info    0x00000000      0xa9b build/poop_config/production/_ext/350270242/bsp.o
 .debug_info    0x00000a9b     0x1799 build/poop_config/production/_ext/417897552/drv_bm71.o
 .debug_info    0x00002234     0x14ac build/poop_config/production/_ext/417897552/drv_bm71_ble.o
 .debug_info    0x000036e0     0x1099 build/poop_config/production/_ext/417897552/drv_bm71_command_decode.o
 .debug_info    0x00004779      0xa0f build/poop_config/production/_ext/417897552/drv_bm71_command_send.o
 .debug_info    0x00005188      0x902 build/poop_config/production/_ext/417897552/drv_bm71_uart.o
 .debug_info    0x00005a8a      0xbef build/poop_config/production/_ext/2026911312/osal_freertos.o
 .debug_info    0x00006679      0x89e build/poop_config/production/_ext/1722314256/plib_clk.o
 .debug_info    0x00006f17      0x95e build/poop_config/production/_ext/1722315984/plib_efc.o
 .debug_info    0x00007875     0x1227 build/poop_config/production/_ext/1852471732/plib_nvic.o
 .debug_info    0x00008a9c      0xf6c build/poop_config/production/_ext/1722326660/plib_pio.o
 .debug_info    0x00009a08      0x969 build/poop_config/production/_ext/2022650943/plib_tc0.o
 .debug_info    0x0000a371     0x1027 build/poop_config/production/_ext/1598417011/plib_usart0.o
 .debug_info    0x0000b398      0x2d0 build/poop_config/production/_ext/1586531992/xc32_monitor.o
 .debug_info    0x0000b668      0xcd9 build/poop_config/production/_ext/751150107/sys_int.o
 .debug_info    0x0000c341     0x2d63 build/poop_config/production/_ext/114881631/sys_time.o
 .debug_info    0x0000f0a4      0xed1 build/poop_config/production/_ext/514050002/initialization.o
 .debug_info    0x0000ff75      0xfa0 build/poop_config/production/_ext/514050002/interrupts.o
 .debug_info    0x00010f15      0x59b build/poop_config/production/_ext/514050002/exceptions.o
 .debug_info    0x000114b0      0xe26 build/poop_config/production/_ext/514050002/startup_xc32.o
 .debug_info    0x000122d6      0x551 build/poop_config/production/_ext/514050002/freertos_hooks.o
 .debug_info    0x00012827      0x613 build/poop_config/production/_ext/514050002/tasks.o
 .debug_info    0x00012e3a      0x7a2 build/poop_config/production/_ext/977623654/port.o
 .debug_info    0x000135dc      0x528 build/poop_config/production/_ext/1665200909/heap_1.o
 .debug_info    0x00013b04      0x655 build/poop_config/production/_ext/404212886/list.o
 .debug_info    0x00014159     0x2167 build/poop_config/production/_ext/404212886/queue.o
 .debug_info    0x000162c0     0x2e8e build/poop_config/production/_ext/404212886/FreeRTOS_tasks.o
 .debug_info    0x0001914e      0x519 build/poop_config/production/_ext/1360937237/main.o
 .debug_info    0x00019667      0x422 build/poop_config/production/_ext/1360937237/app.o
 .debug_info    0x00019a89      0x2e1 /Applications/microchip/xc32/v4.00/bin/bin/../../lib/gcc/pic32c/8.3.1/../../../../pic32c/lib/thumb/v7e-m+dp/hard/libpic32c.a(data_init.o)
 .debug_info    0x00019d6a      0x6b9 /Applications/microchip/xc32/v4.00/bin/bin/../../lib/gcc/pic32c/8.3.1/../../../../pic32c/lib/thumb/v7e-m+dp/hard/libc-musl.a(__libc_start_main.o)
 .debug_info    0x0001a423      0x5e5 /Applications/microchip/xc32/v4.00/bin/bin/../../lib/gcc/pic32c/8.3.1/../../../../pic32c/lib/thumb/v7e-m+dp/hard/libc-musl.a(libc.o)
 .debug_info    0x0001aa08      0x397 /Applications/microchip/xc32/v4.00/bin/bin/../../lib/gcc/pic32c/8.3.1/../../../../pic32c/lib/thumb/v7e-m+dp/hard/libc-musl.a(printf.o)
 .debug_info    0x0001ad9f      0x8bb /Applications/microchip/xc32/v4.00/bin/bin/../../lib/gcc/pic32c/8.3.1/../../../../pic32c/lib/thumb/v7e-m+dp/hard/libc-musl.a(puts.o)
 .debug_info    0x0001b65a      0x324 /Applications/microchip/xc32/v4.00/bin/bin/../../lib/gcc/pic32c/8.3.1/../../../../pic32c/lib/thumb/v7e-m+dp/hard/libc-musl.a(memcpy.o)
 .debug_info    0x0001b97e      0x2e2 /Applications/microchip/xc32/v4.00/bin/bin/../../lib/gcc/pic32c/8.3.1/../../../../pic32c/lib/thumb/v7e-m+dp/hard/libc-musl.a(memset.o)
 .debug_info    0x0001bc60      0x59c /Applications/microchip/xc32/v4.00/bin/bin/../../lib/gcc/pic32c/8.3.1/../../../../pic32c/lib/thumb/v7e-m+dp/hard/libc-musl.a(__environ.o)
 .debug_info    0x0001c1fc      0x8e8 /Applications/microchip/xc32/v4.00/bin/bin/../../lib/gcc/pic32c/8.3.1/../../../../pic32c/lib/thumb/v7e-m+dp/hard/libc-musl.a(fputs.o)
 .debug_info    0x0001cae4      0x7f6 /Applications/microchip/xc32/v4.00/bin/bin/../../lib/gcc/pic32c/8.3.1/../../../../pic32c/lib/thumb/v7e-m+dp/hard/libc-musl.a(fwrite.o)
 .debug_info    0x0001d2da      0x7ca /Applications/microchip/xc32/v4.00/bin/bin/../../lib/gcc/pic32c/8.3.1/../../../../pic32c/lib/thumb/v7e-m+dp/hard/libc-musl.a(putc.o)
 .debug_info    0x0001daa4      0x745 /Applications/microchip/xc32/v4.00/bin/bin/../../lib/gcc/pic32c/8.3.1/../../../../pic32c/lib/thumb/v7e-m+dp/hard/libc-musl.a(stdout.o)
 .debug_info    0x0001e1e9      0x953 /Applications/microchip/xc32/v4.00/bin/bin/../../lib/gcc/pic32c/8.3.1/../../../../pic32c/lib/thumb/v7e-m+dp/hard/libc-musl.a(vfprintf.o)
 .debug_info    0x0001eb3c      0x2d3 /Applications/microchip/xc32/v4.00/bin/bin/../../lib/gcc/pic32c/8.3.1/../../../../pic32c/lib/thumb/v7e-m+dp/hard/libc-musl.a(strlen.o)
 .debug_info    0x0001ee0f      0x85b /Applications/microchip/xc32/v4.00/bin/bin/../../lib/gcc/pic32c/8.3.1/../../../../pic32c/lib/thumb/v7e-m+dp/hard/libc-musl.a(__out.o)
 .debug_info    0x0001f66a     0x101d /Applications/microchip/xc32/v4.00/bin/bin/../../lib/gcc/pic32c/8.3.1/../../../../pic32c/lib/thumb/v7e-m+dp/hard/libc-musl.a(__printf_core.o)
 .debug_info    0x00020687      0x328 /Applications/microchip/xc32/v4.00/bin/bin/../../lib/gcc/pic32c/8.3.1/../../../../pic32c/lib/thumb/v7e-m+dp/hard/libc-musl.a(atoi.o)
 .debug_info    0x000209af      0x603 /Applications/microchip/xc32/v4.00/bin/bin/../../lib/gcc/pic32c/8.3.1/../../../../pic32c/lib/thumb/v7e-m+dp/hard/libc-musl.a(tolower.o)
 .debug_info    0x00020fb2      0x580 /Applications/microchip/xc32/v4.00/bin/bin/../../lib/gcc/pic32c/8.3.1/../../../../pic32c/lib/thumb/v7e-m+dp/hard/libc-musl.a(__errno_location.o)
 .debug_info    0x00021532      0xc8a /Applications/microchip/xc32/v4.00/bin/bin/../../lib/gcc/pic32c/8.3.1/../../../../pic32c/lib/thumb/v7e-m+dp/hard/libc-musl.a(__fmt_a.o)
 .debug_info    0x000221bc      0x8c2 /Applications/microchip/xc32/v4.00/bin/bin/../../lib/gcc/pic32c/8.3.1/../../../../pic32c/lib/thumb/v7e-m+dp/hard/libc-musl.a(__fmt_d.o)
 .debug_info    0x00022a7e      0xc78 /Applications/microchip/xc32/v4.00/bin/bin/../../lib/gcc/pic32c/8.3.1/../../../../pic32c/lib/thumb/v7e-m+dp/hard/libc-musl.a(__fmt_fp.o)
 .debug_info    0x000236f6      0x893 /Applications/microchip/xc32/v4.00/bin/bin/../../lib/gcc/pic32c/8.3.1/../../../../pic32c/lib/thumb/v7e-m+dp/hard/libc-musl.a(__fmt_o.o)
 .debug_info    0x00023f89      0x839 /Applications/microchip/xc32/v4.00/bin/bin/../../lib/gcc/pic32c/8.3.1/../../../../pic32c/lib/thumb/v7e-m+dp/hard/libc-musl.a(__fmt_s.o)
 .debug_info    0x000247c2      0x960 /Applications/microchip/xc32/v4.00/bin/bin/../../lib/gcc/pic32c/8.3.1/../../../../pic32c/lib/thumb/v7e-m+dp/hard/libc-musl.a(__fmt_u.o)
 .debug_info    0x00025122      0x8f9 /Applications/microchip/xc32/v4.00/bin/bin/../../lib/gcc/pic32c/8.3.1/../../../../pic32c/lib/thumb/v7e-m+dp/hard/libc-musl.a(__fmt_x.o)
 .debug_info    0x00025a1b      0x87f /Applications/microchip/xc32/v4.00/bin/bin/../../lib/gcc/pic32c/8.3.1/../../../../pic32c/lib/thumb/v7e-m+dp/hard/libc-musl.a(__init_stdio.o)
 .debug_info    0x0002629a      0x766 /Applications/microchip/xc32/v4.00/bin/bin/../../lib/gcc/pic32c/8.3.1/../../../../pic32c/lib/thumb/v7e-m+dp/hard/libc-musl.a(__pop_float.o)
 .debug_info    0x00026a00      0x78a /Applications/microchip/xc32/v4.00/bin/bin/../../lib/gcc/pic32c/8.3.1/../../../../pic32c/lib/thumb/v7e-m+dp/hard/libc-musl.a(__pop_int.o)
 .debug_info    0x0002718a      0x781 /Applications/microchip/xc32/v4.00/bin/bin/../../lib/gcc/pic32c/8.3.1/../../../../pic32c/lib/thumb/v7e-m+dp/hard/libc-musl.a(__pop_ptr.o)
 .debug_info    0x0002790b      0x2e1 /Applications/microchip/xc32/v4.00/bin/bin/../../lib/gcc/pic32c/8.3.1/../../../../pic32c/lib/thumb/v7e-m+dp/hard/libc-musl.a(strcpy.o)
 .debug_info    0x00027bec      0x603 /Applications/microchip/xc32/v4.00/bin/bin/../../lib/gcc/pic32c/8.3.1/../../../../pic32c/lib/thumb/v7e-m+dp/hard/libc-musl.a(toupper.o)
 .debug_info    0x000281ef      0x5bf /Applications/microchip/xc32/v4.00/bin/bin/../../lib/gcc/pic32c/8.3.1/../../../../pic32c/lib/thumb/v7e-m+dp/hard/libc-musl.a(stpcpy.o)
 .debug_info    0x000287ae       0x26 /Applications/microchip/xc32/v4.00/bin/bin/../../lib/gcc/pic32c/8.3.1/thumb/v7e-m+dp/hard/libgcc.a(_aeabi_uldivmod.o)
 .debug_info    0x000287d4     0x1ff0 /Applications/microchip/xc32/v4.00/bin/bin/../../lib/gcc/pic32c/8.3.1/thumb/v7e-m+dp/hard/libgcc.a(_udivmoddi4.o)
 .debug_info    0x0002a7c4       0x26 /Applications/microchip/xc32/v4.00/bin/bin/../../lib/gcc/pic32c/8.3.1/thumb/v7e-m+dp/hard/libgcc.a(_dvmd_tls.o)
 .debug_info    0x0002a7ea      0x2c6 /Applications/microchip/xc32/v4.00/bin/bin/../../lib/gcc/pic32c/8.3.1/../../../../pic32c/lib/thumb/v7e-m+dp/hard/libpic32c.a(write.o)

.debug_abbrev   0x00000000     0x62fe
 .debug_abbrev  0x00000000       0xd1 build/poop_config/production/_ext/350270242/bsp.o
 .debug_abbrev  0x000000d1      0x36b build/poop_config/production/_ext/417897552/drv_bm71.o
 .debug_abbrev  0x0000043c      0x235 build/poop_config/production/_ext/417897552/drv_bm71_ble.o
 .debug_abbrev  0x00000671      0x1ba build/poop_config/production/_ext/417897552/drv_bm71_command_decode.o
 .debug_abbrev  0x0000082b      0x21b build/poop_config/production/_ext/417897552/drv_bm71_command_send.o
 .debug_abbrev  0x00000a46      0x1f2 build/poop_config/production/_ext/417897552/drv_bm71_uart.o
 .debug_abbrev  0x00000c38      0x204 build/poop_config/production/_ext/2026911312/osal_freertos.o
 .debug_abbrev  0x00000e3c       0xd5 build/poop_config/production/_ext/1722314256/plib_clk.o
 .debug_abbrev  0x00000f11      0x21a build/poop_config/production/_ext/1722315984/plib_efc.o
 .debug_abbrev  0x0000112b      0x1f7 build/poop_config/production/_ext/1852471732/plib_nvic.o
 .debug_abbrev  0x00001322      0x188 build/poop_config/production/_ext/1722326660/plib_pio.o
 .debug_abbrev  0x000014aa      0x1a7 build/poop_config/production/_ext/2022650943/plib_tc0.o
 .debug_abbrev  0x00001651      0x31f build/poop_config/production/_ext/1598417011/plib_usart0.o
 .debug_abbrev  0x00001970       0x80 build/poop_config/production/_ext/1586531992/xc32_monitor.o
 .debug_abbrev  0x000019f0      0x267 build/poop_config/production/_ext/751150107/sys_int.o
 .debug_abbrev  0x00001c57      0x5e1 build/poop_config/production/_ext/114881631/sys_time.o
 .debug_abbrev  0x00002238      0x1ea build/poop_config/production/_ext/514050002/initialization.o
 .debug_abbrev  0x00002422      0x103 build/poop_config/production/_ext/514050002/interrupts.o
 .debug_abbrev  0x00002525       0xde build/poop_config/production/_ext/514050002/exceptions.o
 .debug_abbrev  0x00002603      0x24f build/poop_config/production/_ext/514050002/startup_xc32.o
 .debug_abbrev  0x00002852      0x14e build/poop_config/production/_ext/514050002/freertos_hooks.o
 .debug_abbrev  0x000029a0      0x167 build/poop_config/production/_ext/514050002/tasks.o
 .debug_abbrev  0x00002b07      0x23e build/poop_config/production/_ext/977623654/port.o
 .debug_abbrev  0x00002d45      0x16c build/poop_config/production/_ext/1665200909/heap_1.o
 .debug_abbrev  0x00002eb1      0x15e build/poop_config/production/_ext/404212886/list.o
 .debug_abbrev  0x0000300f      0x399 build/poop_config/production/_ext/404212886/queue.o
 .debug_abbrev  0x000033a8      0x466 build/poop_config/production/_ext/404212886/FreeRTOS_tasks.o
 .debug_abbrev  0x0000380e      0x12b build/poop_config/production/_ext/1360937237/main.o
 .debug_abbrev  0x00003939       0xec build/poop_config/production/_ext/1360937237/app.o
 .debug_abbrev  0x00003a25       0x2e /Applications/microchip/xc32/v4.00/bin/bin/../../lib/gcc/pic32c/8.3.1/../../../../pic32c/lib/thumb/v7e-m+dp/hard/libpic32c.a(data_init.o)
 .debug_abbrev  0x00003a53      0x126 /Applications/microchip/xc32/v4.00/bin/bin/../../lib/gcc/pic32c/8.3.1/../../../../pic32c/lib/thumb/v7e-m+dp/hard/libc-musl.a(__libc_start_main.o)
 .debug_abbrev  0x00003b79       0xc7 /Applications/microchip/xc32/v4.00/bin/bin/../../lib/gcc/pic32c/8.3.1/../../../../pic32c/lib/thumb/v7e-m+dp/hard/libc-musl.a(libc.o)
 .debug_abbrev  0x00003c40      0x112 /Applications/microchip/xc32/v4.00/bin/bin/../../lib/gcc/pic32c/8.3.1/../../../../pic32c/lib/thumb/v7e-m+dp/hard/libc-musl.a(printf.o)
 .debug_abbrev  0x00003d52      0x151 /Applications/microchip/xc32/v4.00/bin/bin/../../lib/gcc/pic32c/8.3.1/../../../../pic32c/lib/thumb/v7e-m+dp/hard/libc-musl.a(puts.o)
 .debug_abbrev  0x00003ea3       0x9c /Applications/microchip/xc32/v4.00/bin/bin/../../lib/gcc/pic32c/8.3.1/../../../../pic32c/lib/thumb/v7e-m+dp/hard/libc-musl.a(memcpy.o)
 .debug_abbrev  0x00003f3f       0x97 /Applications/microchip/xc32/v4.00/bin/bin/../../lib/gcc/pic32c/8.3.1/../../../../pic32c/lib/thumb/v7e-m+dp/hard/libc-musl.a(memset.o)
 .debug_abbrev  0x00003fd6       0xc7 /Applications/microchip/xc32/v4.00/bin/bin/../../lib/gcc/pic32c/8.3.1/../../../../pic32c/lib/thumb/v7e-m+dp/hard/libc-musl.a(__environ.o)
 .debug_abbrev  0x0000409d      0x13d /Applications/microchip/xc32/v4.00/bin/bin/../../lib/gcc/pic32c/8.3.1/../../../../pic32c/lib/thumb/v7e-m+dp/hard/libc-musl.a(fputs.o)
 .debug_abbrev  0x000041da      0x14b /Applications/microchip/xc32/v4.00/bin/bin/../../lib/gcc/pic32c/8.3.1/../../../../pic32c/lib/thumb/v7e-m+dp/hard/libc-musl.a(fwrite.o)
 .debug_abbrev  0x00004325      0x14c /Applications/microchip/xc32/v4.00/bin/bin/../../lib/gcc/pic32c/8.3.1/../../../../pic32c/lib/thumb/v7e-m+dp/hard/libc-musl.a(putc.o)
 .debug_abbrev  0x00004471      0x157 /Applications/microchip/xc32/v4.00/bin/bin/../../lib/gcc/pic32c/8.3.1/../../../../pic32c/lib/thumb/v7e-m+dp/hard/libc-musl.a(stdout.o)
 .debug_abbrev  0x000045c8      0x180 /Applications/microchip/xc32/v4.00/bin/bin/../../lib/gcc/pic32c/8.3.1/../../../../pic32c/lib/thumb/v7e-m+dp/hard/libc-musl.a(vfprintf.o)
 .debug_abbrev  0x00004748       0x86 /Applications/microchip/xc32/v4.00/bin/bin/../../lib/gcc/pic32c/8.3.1/../../../../pic32c/lib/thumb/v7e-m+dp/hard/libc-musl.a(strlen.o)
 .debug_abbrev  0x000047ce      0x1ac /Applications/microchip/xc32/v4.00/bin/bin/../../lib/gcc/pic32c/8.3.1/../../../../pic32c/lib/thumb/v7e-m+dp/hard/libc-musl.a(__out.o)
 .debug_abbrev  0x0000497a      0x2e8 /Applications/microchip/xc32/v4.00/bin/bin/../../lib/gcc/pic32c/8.3.1/../../../../pic32c/lib/thumb/v7e-m+dp/hard/libc-musl.a(__printf_core.o)
 .debug_abbrev  0x00004c62       0xbb /Applications/microchip/xc32/v4.00/bin/bin/../../lib/gcc/pic32c/8.3.1/../../../../pic32c/lib/thumb/v7e-m+dp/hard/libc-musl.a(atoi.o)
 .debug_abbrev  0x00004d1d      0x126 /Applications/microchip/xc32/v4.00/bin/bin/../../lib/gcc/pic32c/8.3.1/../../../../pic32c/lib/thumb/v7e-m+dp/hard/libc-musl.a(tolower.o)
 .debug_abbrev  0x00004e43       0xba /Applications/microchip/xc32/v4.00/bin/bin/../../lib/gcc/pic32c/8.3.1/../../../../pic32c/lib/thumb/v7e-m+dp/hard/libc-musl.a(__errno_location.o)
 .debug_abbrev  0x00004efd      0x1ff /Applications/microchip/xc32/v4.00/bin/bin/../../lib/gcc/pic32c/8.3.1/../../../../pic32c/lib/thumb/v7e-m+dp/hard/libc-musl.a(__fmt_a.o)
 .debug_abbrev  0x000050fc      0x16f /Applications/microchip/xc32/v4.00/bin/bin/../../lib/gcc/pic32c/8.3.1/../../../../pic32c/lib/thumb/v7e-m+dp/hard/libc-musl.a(__fmt_d.o)
 .debug_abbrev  0x0000526b      0x1f0 /Applications/microchip/xc32/v4.00/bin/bin/../../lib/gcc/pic32c/8.3.1/../../../../pic32c/lib/thumb/v7e-m+dp/hard/libc-musl.a(__fmt_fp.o)
 .debug_abbrev  0x0000545b      0x16f /Applications/microchip/xc32/v4.00/bin/bin/../../lib/gcc/pic32c/8.3.1/../../../../pic32c/lib/thumb/v7e-m+dp/hard/libc-musl.a(__fmt_o.o)
 .debug_abbrev  0x000055ca      0x14f /Applications/microchip/xc32/v4.00/bin/bin/../../lib/gcc/pic32c/8.3.1/../../../../pic32c/lib/thumb/v7e-m+dp/hard/libc-musl.a(__fmt_s.o)
 .debug_abbrev  0x00005719      0x1b2 /Applications/microchip/xc32/v4.00/bin/bin/../../lib/gcc/pic32c/8.3.1/../../../../pic32c/lib/thumb/v7e-m+dp/hard/libc-musl.a(__fmt_u.o)
 .debug_abbrev  0x000058cb      0x15e /Applications/microchip/xc32/v4.00/bin/bin/../../lib/gcc/pic32c/8.3.1/../../../../pic32c/lib/thumb/v7e-m+dp/hard/libc-musl.a(__fmt_x.o)
 .debug_abbrev  0x00005a29       0xf8 /Applications/microchip/xc32/v4.00/bin/bin/../../lib/gcc/pic32c/8.3.1/../../../../pic32c/lib/thumb/v7e-m+dp/hard/libc-musl.a(__init_stdio.o)
 .debug_abbrev  0x00005b21      0x11b /Applications/microchip/xc32/v4.00/bin/bin/../../lib/gcc/pic32c/8.3.1/../../../../pic32c/lib/thumb/v7e-m+dp/hard/libc-musl.a(__pop_float.o)
 .debug_abbrev  0x00005c3c      0x11b /Applications/microchip/xc32/v4.00/bin/bin/../../lib/gcc/pic32c/8.3.1/../../../../pic32c/lib/thumb/v7e-m+dp/hard/libc-musl.a(__pop_int.o)
 .debug_abbrev  0x00005d57      0x12c /Applications/microchip/xc32/v4.00/bin/bin/../../lib/gcc/pic32c/8.3.1/../../../../pic32c/lib/thumb/v7e-m+dp/hard/libc-musl.a(__pop_ptr.o)
 .debug_abbrev  0x00005e83       0x8e /Applications/microchip/xc32/v4.00/bin/bin/../../lib/gcc/pic32c/8.3.1/../../../../pic32c/lib/thumb/v7e-m+dp/hard/libc-musl.a(strcpy.o)
 .debug_abbrev  0x00005f11      0x126 /Applications/microchip/xc32/v4.00/bin/bin/../../lib/gcc/pic32c/8.3.1/../../../../pic32c/lib/thumb/v7e-m+dp/hard/libc-musl.a(toupper.o)
 .debug_abbrev  0x00006037       0xdf /Applications/microchip/xc32/v4.00/bin/bin/../../lib/gcc/pic32c/8.3.1/../../../../pic32c/lib/thumb/v7e-m+dp/hard/libc-musl.a(stpcpy.o)
 .debug_abbrev  0x00006116       0x14 /Applications/microchip/xc32/v4.00/bin/bin/../../lib/gcc/pic32c/8.3.1/thumb/v7e-m+dp/hard/libgcc.a(_aeabi_uldivmod.o)
 .debug_abbrev  0x0000612a      0x192 /Applications/microchip/xc32/v4.00/bin/bin/../../lib/gcc/pic32c/8.3.1/thumb/v7e-m+dp/hard/libgcc.a(_udivmoddi4.o)
 .debug_abbrev  0x000062bc       0x14 /Applications/microchip/xc32/v4.00/bin/bin/../../lib/gcc/pic32c/8.3.1/thumb/v7e-m+dp/hard/libgcc.a(_dvmd_tls.o)
 .debug_abbrev  0x000062d0       0x2e /Applications/microchip/xc32/v4.00/bin/bin/../../lib/gcc/pic32c/8.3.1/../../../../pic32c/lib/thumb/v7e-m+dp/hard/libpic32c.a(write.o)

.debug_aranges  0x00000000      0xfd8
 .debug_aranges
                0x00000000       0x20 build/poop_config/production/_ext/350270242/bsp.o
 .debug_aranges
                0x00000020       0xa8 build/poop_config/production/_ext/417897552/drv_bm71.o
 .debug_aranges
                0x000000c8       0x60 build/poop_config/production/_ext/417897552/drv_bm71_ble.o
 .debug_aranges
                0x00000128       0x38 build/poop_config/production/_ext/417897552/drv_bm71_command_decode.o
 .debug_aranges
                0x00000160       0x48 build/poop_config/production/_ext/417897552/drv_bm71_command_send.o
 .debug_aranges
                0x000001a8       0x48 build/poop_config/production/_ext/417897552/drv_bm71_uart.o
 .debug_aranges
                0x000001f0       0x90 build/poop_config/production/_ext/2026911312/osal_freertos.o
 .debug_aranges
                0x00000280       0x20 build/poop_config/production/_ext/1722314256/plib_clk.o
 .debug_aranges
                0x000002a0       0x70 build/poop_config/production/_ext/1722315984/plib_efc.o
 .debug_aranges
                0x00000310       0x38 build/poop_config/production/_ext/1852471732/plib_nvic.o
 .debug_aranges
                0x00000348       0x60 build/poop_config/production/_ext/1722326660/plib_pio.o
 .debug_aranges
                0x000003a8       0x68 build/poop_config/production/_ext/2022650943/plib_tc0.o
 .debug_aranges
                0x00000410       0x88 build/poop_config/production/_ext/1598417011/plib_usart0.o
 .debug_aranges
                0x00000498       0x28 build/poop_config/production/_ext/1586531992/xc32_monitor.o
 .debug_aranges
                0x000004c0       0x40 build/poop_config/production/_ext/751150107/sys_int.o
 .debug_aranges
                0x00000500      0x130 build/poop_config/production/_ext/114881631/sys_time.o
 .debug_aranges
                0x00000630       0x20 build/poop_config/production/_ext/514050002/initialization.o
 .debug_aranges
                0x00000650       0x20 build/poop_config/production/_ext/514050002/interrupts.o
 .debug_aranges
                0x00000670       0x48 build/poop_config/production/_ext/514050002/exceptions.o
 .debug_aranges
                0x000006b8       0x28 build/poop_config/production/_ext/514050002/startup_xc32.o
 .debug_aranges
                0x000006e0       0x40 build/poop_config/production/_ext/514050002/freertos_hooks.o
 .debug_aranges
                0x00000720       0x28 build/poop_config/production/_ext/514050002/tasks.o
 .debug_aranges
                0x00000748       0x78 build/poop_config/production/_ext/977623654/port.o
 .debug_aranges
                0x000007c0       0x38 build/poop_config/production/_ext/1665200909/heap_1.o
 .debug_aranges
                0x000007f8       0x40 build/poop_config/production/_ext/404212886/list.o
 .debug_aranges
                0x00000838       0xc8 build/poop_config/production/_ext/404212886/queue.o
 .debug_aranges
                0x00000900      0x178 build/poop_config/production/_ext/404212886/FreeRTOS_tasks.o
 .debug_aranges
                0x00000a78       0x20 build/poop_config/production/_ext/1360937237/main.o
 .debug_aranges
                0x00000a98       0x28 build/poop_config/production/_ext/1360937237/app.o
 .debug_aranges
                0x00000ac0       0x20 /Applications/microchip/xc32/v4.00/bin/bin/../../lib/gcc/pic32c/8.3.1/../../../../pic32c/lib/thumb/v7e-m+dp/hard/libpic32c.a(data_init.o)
 .debug_aranges
                0x00000ae0       0x28 /Applications/microchip/xc32/v4.00/bin/bin/../../lib/gcc/pic32c/8.3.1/../../../../pic32c/lib/thumb/v7e-m+dp/hard/libc-musl.a(__libc_start_main.o)
 .debug_aranges
                0x00000b08       0x18 /Applications/microchip/xc32/v4.00/bin/bin/../../lib/gcc/pic32c/8.3.1/../../../../pic32c/lib/thumb/v7e-m+dp/hard/libc-musl.a(libc.o)
 .debug_aranges
                0x00000b20       0x20 /Applications/microchip/xc32/v4.00/bin/bin/../../lib/gcc/pic32c/8.3.1/../../../../pic32c/lib/thumb/v7e-m+dp/hard/libc-musl.a(printf.o)
 .debug_aranges
                0x00000b40       0x20 /Applications/microchip/xc32/v4.00/bin/bin/../../lib/gcc/pic32c/8.3.1/../../../../pic32c/lib/thumb/v7e-m+dp/hard/libc-musl.a(puts.o)
 .debug_aranges
                0x00000b60       0x20 /Applications/microchip/xc32/v4.00/bin/bin/../../lib/gcc/pic32c/8.3.1/../../../../pic32c/lib/thumb/v7e-m+dp/hard/libc-musl.a(memcpy.o)
 .debug_aranges
                0x00000b80       0x20 /Applications/microchip/xc32/v4.00/bin/bin/../../lib/gcc/pic32c/8.3.1/../../../../pic32c/lib/thumb/v7e-m+dp/hard/libc-musl.a(memset.o)
 .debug_aranges
                0x00000ba0       0x18 /Applications/microchip/xc32/v4.00/bin/bin/../../lib/gcc/pic32c/8.3.1/../../../../pic32c/lib/thumb/v7e-m+dp/hard/libc-musl.a(__environ.o)
 .debug_aranges
                0x00000bb8       0x20 /Applications/microchip/xc32/v4.00/bin/bin/../../lib/gcc/pic32c/8.3.1/../../../../pic32c/lib/thumb/v7e-m+dp/hard/libc-musl.a(fputs.o)
 .debug_aranges
                0x00000bd8       0x28 /Applications/microchip/xc32/v4.00/bin/bin/../../lib/gcc/pic32c/8.3.1/../../../../pic32c/lib/thumb/v7e-m+dp/hard/libc-musl.a(fwrite.o)
 .debug_aranges
                0x00000c00       0x30 /Applications/microchip/xc32/v4.00/bin/bin/../../lib/gcc/pic32c/8.3.1/../../../../pic32c/lib/thumb/v7e-m+dp/hard/libc-musl.a(putc.o)
 .debug_aranges
                0x00000c30       0x30 /Applications/microchip/xc32/v4.00/bin/bin/../../lib/gcc/pic32c/8.3.1/../../../../pic32c/lib/thumb/v7e-m+dp/hard/libc-musl.a(stdout.o)
 .debug_aranges
                0x00000c60       0x28 /Applications/microchip/xc32/v4.00/bin/bin/../../lib/gcc/pic32c/8.3.1/../../../../pic32c/lib/thumb/v7e-m+dp/hard/libc-musl.a(vfprintf.o)
 .debug_aranges
                0x00000c88       0x20 /Applications/microchip/xc32/v4.00/bin/bin/../../lib/gcc/pic32c/8.3.1/../../../../pic32c/lib/thumb/v7e-m+dp/hard/libc-musl.a(strlen.o)
 .debug_aranges
                0x00000ca8       0x28 /Applications/microchip/xc32/v4.00/bin/bin/../../lib/gcc/pic32c/8.3.1/../../../../pic32c/lib/thumb/v7e-m+dp/hard/libc-musl.a(__out.o)
 .debug_aranges
                0x00000cd0       0x50 /Applications/microchip/xc32/v4.00/bin/bin/../../lib/gcc/pic32c/8.3.1/../../../../pic32c/lib/thumb/v7e-m+dp/hard/libc-musl.a(__printf_core.o)
 .debug_aranges
                0x00000d20       0x20 /Applications/microchip/xc32/v4.00/bin/bin/../../lib/gcc/pic32c/8.3.1/../../../../pic32c/lib/thumb/v7e-m+dp/hard/libc-musl.a(atoi.o)
 .debug_aranges
                0x00000d40       0x28 /Applications/microchip/xc32/v4.00/bin/bin/../../lib/gcc/pic32c/8.3.1/../../../../pic32c/lib/thumb/v7e-m+dp/hard/libc-musl.a(tolower.o)
 .debug_aranges
                0x00000d68       0x18 /Applications/microchip/xc32/v4.00/bin/bin/../../lib/gcc/pic32c/8.3.1/../../../../pic32c/lib/thumb/v7e-m+dp/hard/libc-musl.a(__errno_location.o)
 .debug_aranges
                0x00000d80       0x20 /Applications/microchip/xc32/v4.00/bin/bin/../../lib/gcc/pic32c/8.3.1/../../../../pic32c/lib/thumb/v7e-m+dp/hard/libc-musl.a(__fmt_a.o)
 .debug_aranges
                0x00000da0       0x20 /Applications/microchip/xc32/v4.00/bin/bin/../../lib/gcc/pic32c/8.3.1/../../../../pic32c/lib/thumb/v7e-m+dp/hard/libc-musl.a(__fmt_d.o)
 .debug_aranges
                0x00000dc0       0x20 /Applications/microchip/xc32/v4.00/bin/bin/../../lib/gcc/pic32c/8.3.1/../../../../pic32c/lib/thumb/v7e-m+dp/hard/libc-musl.a(__fmt_fp.o)
 .debug_aranges
                0x00000de0       0x20 /Applications/microchip/xc32/v4.00/bin/bin/../../lib/gcc/pic32c/8.3.1/../../../../pic32c/lib/thumb/v7e-m+dp/hard/libc-musl.a(__fmt_o.o)
 .debug_aranges
                0x00000e00       0x20 /Applications/microchip/xc32/v4.00/bin/bin/../../lib/gcc/pic32c/8.3.1/../../../../pic32c/lib/thumb/v7e-m+dp/hard/libc-musl.a(__fmt_s.o)
 .debug_aranges
                0x00000e20       0x28 /Applications/microchip/xc32/v4.00/bin/bin/../../lib/gcc/pic32c/8.3.1/../../../../pic32c/lib/thumb/v7e-m+dp/hard/libc-musl.a(__fmt_u.o)
 .debug_aranges
                0x00000e48       0x20 /Applications/microchip/xc32/v4.00/bin/bin/../../lib/gcc/pic32c/8.3.1/../../../../pic32c/lib/thumb/v7e-m+dp/hard/libc-musl.a(__fmt_x.o)
 .debug_aranges
                0x00000e68       0x28 /Applications/microchip/xc32/v4.00/bin/bin/../../lib/gcc/pic32c/8.3.1/../../../../pic32c/lib/thumb/v7e-m+dp/hard/libc-musl.a(__init_stdio.o)
 .debug_aranges
                0x00000e90       0x20 /Applications/microchip/xc32/v4.00/bin/bin/../../lib/gcc/pic32c/8.3.1/../../../../pic32c/lib/thumb/v7e-m+dp/hard/libc-musl.a(__pop_float.o)
 .debug_aranges
                0x00000eb0       0x20 /Applications/microchip/xc32/v4.00/bin/bin/../../lib/gcc/pic32c/8.3.1/../../../../pic32c/lib/thumb/v7e-m+dp/hard/libc-musl.a(__pop_int.o)
 .debug_aranges
                0x00000ed0       0x20 /Applications/microchip/xc32/v4.00/bin/bin/../../lib/gcc/pic32c/8.3.1/../../../../pic32c/lib/thumb/v7e-m+dp/hard/libc-musl.a(__pop_ptr.o)
 .debug_aranges
                0x00000ef0       0x20 /Applications/microchip/xc32/v4.00/bin/bin/../../lib/gcc/pic32c/8.3.1/../../../../pic32c/lib/thumb/v7e-m+dp/hard/libc-musl.a(strcpy.o)
 .debug_aranges
                0x00000f10       0x28 /Applications/microchip/xc32/v4.00/bin/bin/../../lib/gcc/pic32c/8.3.1/../../../../pic32c/lib/thumb/v7e-m+dp/hard/libc-musl.a(toupper.o)
 .debug_aranges
                0x00000f38       0x20 /Applications/microchip/xc32/v4.00/bin/bin/../../lib/gcc/pic32c/8.3.1/../../../../pic32c/lib/thumb/v7e-m+dp/hard/libc-musl.a(stpcpy.o)
 .debug_aranges
                0x00000f58       0x20 /Applications/microchip/xc32/v4.00/bin/bin/../../lib/gcc/pic32c/8.3.1/thumb/v7e-m+dp/hard/libgcc.a(_aeabi_uldivmod.o)
 .debug_aranges
                0x00000f78       0x20 /Applications/microchip/xc32/v4.00/bin/bin/../../lib/gcc/pic32c/8.3.1/thumb/v7e-m+dp/hard/libgcc.a(_udivmoddi4.o)
 .debug_aranges
                0x00000f98       0x20 /Applications/microchip/xc32/v4.00/bin/bin/../../lib/gcc/pic32c/8.3.1/thumb/v7e-m+dp/hard/libgcc.a(_dvmd_tls.o)
 .debug_aranges
                0x00000fb8       0x20 /Applications/microchip/xc32/v4.00/bin/bin/../../lib/gcc/pic32c/8.3.1/../../../../pic32c/lib/thumb/v7e-m+dp/hard/libpic32c.a(write.o)

.debug_ranges   0x00000000      0xf78
 .debug_ranges  0x00000000       0x10 build/poop_config/production/_ext/350270242/bsp.o
 .debug_ranges  0x00000010       0x98 build/poop_config/production/_ext/417897552/drv_bm71.o
 .debug_ranges  0x000000a8       0x50 build/poop_config/production/_ext/417897552/drv_bm71_ble.o
 .debug_ranges  0x000000f8       0x28 build/poop_config/production/_ext/417897552/drv_bm71_command_decode.o
 .debug_ranges  0x00000120       0x70 build/poop_config/production/_ext/417897552/drv_bm71_command_send.o
 .debug_ranges  0x00000190       0x38 build/poop_config/production/_ext/417897552/drv_bm71_uart.o
 .debug_ranges  0x000001c8       0x80 build/poop_config/production/_ext/2026911312/osal_freertos.o
 .debug_ranges  0x00000248       0x10 build/poop_config/production/_ext/1722314256/plib_clk.o
 .debug_ranges  0x00000258       0x90 build/poop_config/production/_ext/1722315984/plib_efc.o
 .debug_ranges  0x000002e8       0x28 build/poop_config/production/_ext/1852471732/plib_nvic.o
 .debug_ranges  0x00000310       0x50 build/poop_config/production/_ext/1722326660/plib_pio.o
 .debug_ranges  0x00000360       0x58 build/poop_config/production/_ext/2022650943/plib_tc0.o
 .debug_ranges  0x000003b8       0x78 build/poop_config/production/_ext/1598417011/plib_usart0.o
 .debug_ranges  0x00000430       0x18 build/poop_config/production/_ext/1586531992/xc32_monitor.o
 .debug_ranges  0x00000448       0x48 build/poop_config/production/_ext/751150107/sys_int.o
 .debug_ranges  0x00000490      0x168 build/poop_config/production/_ext/114881631/sys_time.o
 .debug_ranges  0x000005f8       0x10 build/poop_config/production/_ext/514050002/initialization.o
 .debug_ranges  0x00000608       0x10 build/poop_config/production/_ext/514050002/interrupts.o
 .debug_ranges  0x00000618       0x38 build/poop_config/production/_ext/514050002/exceptions.o
 .debug_ranges  0x00000650       0x48 build/poop_config/production/_ext/514050002/startup_xc32.o
 .debug_ranges  0x00000698       0x30 build/poop_config/production/_ext/514050002/freertos_hooks.o
 .debug_ranges  0x000006c8       0x18 build/poop_config/production/_ext/514050002/tasks.o
 .debug_ranges  0x000006e0       0x68 build/poop_config/production/_ext/977623654/port.o
 .debug_ranges  0x00000748       0x28 build/poop_config/production/_ext/1665200909/heap_1.o
 .debug_ranges  0x00000770       0x30 build/poop_config/production/_ext/404212886/list.o
 .debug_ranges  0x000007a0      0x180 build/poop_config/production/_ext/404212886/queue.o
 .debug_ranges  0x00000920      0x288 build/poop_config/production/_ext/404212886/FreeRTOS_tasks.o
 .debug_ranges  0x00000ba8       0x10 build/poop_config/production/_ext/1360937237/main.o
 .debug_ranges  0x00000bb8       0x18 build/poop_config/production/_ext/1360937237/app.o
 .debug_ranges  0x00000bd0       0x10 /Applications/microchip/xc32/v4.00/bin/bin/../../lib/gcc/pic32c/8.3.1/../../../../pic32c/lib/thumb/v7e-m+dp/hard/libpic32c.a(data_init.o)
 .debug_ranges  0x00000be0       0x40 /Applications/microchip/xc32/v4.00/bin/bin/../../lib/gcc/pic32c/8.3.1/../../../../pic32c/lib/thumb/v7e-m+dp/hard/libc-musl.a(__libc_start_main.o)
 .debug_ranges  0x00000c20       0x10 /Applications/microchip/xc32/v4.00/bin/bin/../../lib/gcc/pic32c/8.3.1/../../../../pic32c/lib/thumb/v7e-m+dp/hard/libc-musl.a(printf.o)
 .debug_ranges  0x00000c30       0x10 /Applications/microchip/xc32/v4.00/bin/bin/../../lib/gcc/pic32c/8.3.1/../../../../pic32c/lib/thumb/v7e-m+dp/hard/libc-musl.a(puts.o)
 .debug_ranges  0x00000c40       0x10 /Applications/microchip/xc32/v4.00/bin/bin/../../lib/gcc/pic32c/8.3.1/../../../../pic32c/lib/thumb/v7e-m+dp/hard/libc-musl.a(memcpy.o)
 .debug_ranges  0x00000c50       0x10 /Applications/microchip/xc32/v4.00/bin/bin/../../lib/gcc/pic32c/8.3.1/../../../../pic32c/lib/thumb/v7e-m+dp/hard/libc-musl.a(memset.o)
 .debug_ranges  0x00000c60       0x10 /Applications/microchip/xc32/v4.00/bin/bin/../../lib/gcc/pic32c/8.3.1/../../../../pic32c/lib/thumb/v7e-m+dp/hard/libc-musl.a(fputs.o)
 .debug_ranges  0x00000c70       0x18 /Applications/microchip/xc32/v4.00/bin/bin/../../lib/gcc/pic32c/8.3.1/../../../../pic32c/lib/thumb/v7e-m+dp/hard/libc-musl.a(fwrite.o)
 .debug_ranges  0x00000c88       0x20 /Applications/microchip/xc32/v4.00/bin/bin/../../lib/gcc/pic32c/8.3.1/../../../../pic32c/lib/thumb/v7e-m+dp/hard/libc-musl.a(putc.o)
 .debug_ranges  0x00000ca8       0x20 /Applications/microchip/xc32/v4.00/bin/bin/../../lib/gcc/pic32c/8.3.1/../../../../pic32c/lib/thumb/v7e-m+dp/hard/libc-musl.a(stdout.o)
 .debug_ranges  0x00000cc8       0x18 /Applications/microchip/xc32/v4.00/bin/bin/../../lib/gcc/pic32c/8.3.1/../../../../pic32c/lib/thumb/v7e-m+dp/hard/libc-musl.a(vfprintf.o)
 .debug_ranges  0x00000ce0       0x10 /Applications/microchip/xc32/v4.00/bin/bin/../../lib/gcc/pic32c/8.3.1/../../../../pic32c/lib/thumb/v7e-m+dp/hard/libc-musl.a(strlen.o)
 .debug_ranges  0x00000cf0       0x18 /Applications/microchip/xc32/v4.00/bin/bin/../../lib/gcc/pic32c/8.3.1/../../../../pic32c/lib/thumb/v7e-m+dp/hard/libc-musl.a(__out.o)
 .debug_ranges  0x00000d08       0x68 /Applications/microchip/xc32/v4.00/bin/bin/../../lib/gcc/pic32c/8.3.1/../../../../pic32c/lib/thumb/v7e-m+dp/hard/libc-musl.a(__printf_core.o)
 .debug_ranges  0x00000d70       0x10 /Applications/microchip/xc32/v4.00/bin/bin/../../lib/gcc/pic32c/8.3.1/../../../../pic32c/lib/thumb/v7e-m+dp/hard/libc-musl.a(atoi.o)
 .debug_ranges  0x00000d80       0x18 /Applications/microchip/xc32/v4.00/bin/bin/../../lib/gcc/pic32c/8.3.1/../../../../pic32c/lib/thumb/v7e-m+dp/hard/libc-musl.a(tolower.o)
 .debug_ranges  0x00000d98       0x10 /Applications/microchip/xc32/v4.00/bin/bin/../../lib/gcc/pic32c/8.3.1/../../../../pic32c/lib/thumb/v7e-m+dp/hard/libc-musl.a(__fmt_a.o)
 .debug_ranges  0x00000da8       0x10 /Applications/microchip/xc32/v4.00/bin/bin/../../lib/gcc/pic32c/8.3.1/../../../../pic32c/lib/thumb/v7e-m+dp/hard/libc-musl.a(__fmt_d.o)
 .debug_ranges  0x00000db8       0x10 /Applications/microchip/xc32/v4.00/bin/bin/../../lib/gcc/pic32c/8.3.1/../../../../pic32c/lib/thumb/v7e-m+dp/hard/libc-musl.a(__fmt_fp.o)
 .debug_ranges  0x00000dc8       0x10 /Applications/microchip/xc32/v4.00/bin/bin/../../lib/gcc/pic32c/8.3.1/../../../../pic32c/lib/thumb/v7e-m+dp/hard/libc-musl.a(__fmt_o.o)
 .debug_ranges  0x00000dd8       0x10 /Applications/microchip/xc32/v4.00/bin/bin/../../lib/gcc/pic32c/8.3.1/../../../../pic32c/lib/thumb/v7e-m+dp/hard/libc-musl.a(__fmt_s.o)
 .debug_ranges  0x00000de8       0x18 /Applications/microchip/xc32/v4.00/bin/bin/../../lib/gcc/pic32c/8.3.1/../../../../pic32c/lib/thumb/v7e-m+dp/hard/libc-musl.a(__fmt_u.o)
 .debug_ranges  0x00000e00       0x10 /Applications/microchip/xc32/v4.00/bin/bin/../../lib/gcc/pic32c/8.3.1/../../../../pic32c/lib/thumb/v7e-m+dp/hard/libc-musl.a(__fmt_x.o)
 .debug_ranges  0x00000e10       0x18 /Applications/microchip/xc32/v4.00/bin/bin/../../lib/gcc/pic32c/8.3.1/../../../../pic32c/lib/thumb/v7e-m+dp/hard/libc-musl.a(__init_stdio.o)
 .debug_ranges  0x00000e28       0x10 /Applications/microchip/xc32/v4.00/bin/bin/../../lib/gcc/pic32c/8.3.1/../../../../pic32c/lib/thumb/v7e-m+dp/hard/libc-musl.a(__pop_float.o)
 .debug_ranges  0x00000e38       0x10 /Applications/microchip/xc32/v4.00/bin/bin/../../lib/gcc/pic32c/8.3.1/../../../../pic32c/lib/thumb/v7e-m+dp/hard/libc-musl.a(__pop_int.o)
 .debug_ranges  0x00000e48       0x10 /Applications/microchip/xc32/v4.00/bin/bin/../../lib/gcc/pic32c/8.3.1/../../../../pic32c/lib/thumb/v7e-m+dp/hard/libc-musl.a(__pop_ptr.o)
 .debug_ranges  0x00000e58       0x10 /Applications/microchip/xc32/v4.00/bin/bin/../../lib/gcc/pic32c/8.3.1/../../../../pic32c/lib/thumb/v7e-m+dp/hard/libc-musl.a(strcpy.o)
 .debug_ranges  0x00000e68       0x18 /Applications/microchip/xc32/v4.00/bin/bin/../../lib/gcc/pic32c/8.3.1/../../../../pic32c/lib/thumb/v7e-m+dp/hard/libc-musl.a(toupper.o)
 .debug_ranges  0x00000e80       0x10 /Applications/microchip/xc32/v4.00/bin/bin/../../lib/gcc/pic32c/8.3.1/../../../../pic32c/lib/thumb/v7e-m+dp/hard/libc-musl.a(stpcpy.o)
 .debug_ranges  0x00000e90       0xd8 /Applications/microchip/xc32/v4.00/bin/bin/../../lib/gcc/pic32c/8.3.1/thumb/v7e-m+dp/hard/libgcc.a(_udivmoddi4.o)
 .debug_ranges  0x00000f68       0x10 /Applications/microchip/xc32/v4.00/bin/bin/../../lib/gcc/pic32c/8.3.1/../../../../pic32c/lib/thumb/v7e-m+dp/hard/libpic32c.a(write.o)

.debug_line     0x00000000     0xe29a
 .debug_line    0x00000000      0x14f build/poop_config/production/_ext/350270242/bsp.o
 .debug_line    0x0000014f      0x8f4 build/poop_config/production/_ext/417897552/drv_bm71.o
 .debug_line    0x00000a43      0x5b6 build/poop_config/production/_ext/417897552/drv_bm71_ble.o
 .debug_line    0x00000ff9      0x490 build/poop_config/production/_ext/417897552/drv_bm71_command_decode.o
 .debug_line    0x00001489      0x41a build/poop_config/production/_ext/417897552/drv_bm71_command_send.o
 .debug_line    0x000018a3      0x37c build/poop_config/production/_ext/417897552/drv_bm71_uart.o
 .debug_line    0x00001c1f      0x444 build/poop_config/production/_ext/2026911312/osal_freertos.o
 .debug_line    0x00002063      0x1b2 build/poop_config/production/_ext/1722314256/plib_clk.o
 .debug_line    0x00002215      0x3dc build/poop_config/production/_ext/1722315984/plib_efc.o
 .debug_line    0x000025f1      0x313 build/poop_config/production/_ext/1852471732/plib_nvic.o
 .debug_line    0x00002904      0x390 build/poop_config/production/_ext/1722326660/plib_pio.o
 .debug_line    0x00002c94      0x266 build/poop_config/production/_ext/2022650943/plib_tc0.o
 .debug_line    0x00002efa      0x693 build/poop_config/production/_ext/1598417011/plib_usart0.o
 .debug_line    0x0000358d       0x81 build/poop_config/production/_ext/1586531992/xc32_monitor.o
 .debug_line    0x0000360e      0x2cd build/poop_config/production/_ext/751150107/sys_int.o
 .debug_line    0x000038db     0x11e2 build/poop_config/production/_ext/114881631/sys_time.o
 .debug_line    0x00004abd      0x46f build/poop_config/production/_ext/514050002/initialization.o
 .debug_line    0x00004f2c      0x1ac build/poop_config/production/_ext/514050002/interrupts.o
 .debug_line    0x000050d8      0x205 build/poop_config/production/_ext/514050002/exceptions.o
 .debug_line    0x000052dd      0x467 build/poop_config/production/_ext/514050002/startup_xc32.o
 .debug_line    0x00005744      0x1df build/poop_config/production/_ext/514050002/freertos_hooks.o
 .debug_line    0x00005923      0x248 build/poop_config/production/_ext/514050002/tasks.o
 .debug_line    0x00005b6b      0x35c build/poop_config/production/_ext/977623654/port.o
 .debug_line    0x00005ec7      0x1da build/poop_config/production/_ext/1665200909/heap_1.o
 .debug_line    0x000060a1      0x2d1 build/poop_config/production/_ext/404212886/list.o
 .debug_line    0x00006372      0xe85 build/poop_config/production/_ext/404212886/queue.o
 .debug_line    0x000071f7     0x174c build/poop_config/production/_ext/404212886/FreeRTOS_tasks.o
 .debug_line    0x00008943      0x19c build/poop_config/production/_ext/1360937237/main.o
 .debug_line    0x00008adf       0xfe build/poop_config/production/_ext/1360937237/app.o
 .debug_line    0x00008bdd      0x110 /Applications/microchip/xc32/v4.00/bin/bin/../../lib/gcc/pic32c/8.3.1/../../../../pic32c/lib/thumb/v7e-m+dp/hard/libpic32c.a(data_init.o)
 .debug_line    0x00008ced      0x24c /Applications/microchip/xc32/v4.00/bin/bin/../../lib/gcc/pic32c/8.3.1/../../../../pic32c/lib/thumb/v7e-m+dp/hard/libc-musl.a(__libc_start_main.o)
 .debug_line    0x00008f39      0x132 /Applications/microchip/xc32/v4.00/bin/bin/../../lib/gcc/pic32c/8.3.1/../../../../pic32c/lib/thumb/v7e-m+dp/hard/libc-musl.a(libc.o)
 .debug_line    0x0000906b      0x16e /Applications/microchip/xc32/v4.00/bin/bin/../../lib/gcc/pic32c/8.3.1/../../../../pic32c/lib/thumb/v7e-m+dp/hard/libc-musl.a(printf.o)
 .debug_line    0x000091d9      0x1df /Applications/microchip/xc32/v4.00/bin/bin/../../lib/gcc/pic32c/8.3.1/../../../../pic32c/lib/thumb/v7e-m+dp/hard/libc-musl.a(puts.o)
 .debug_line    0x000093b8       0xf2 /Applications/microchip/xc32/v4.00/bin/bin/../../lib/gcc/pic32c/8.3.1/../../../../pic32c/lib/thumb/v7e-m+dp/hard/libc-musl.a(memcpy.o)
 .debug_line    0x000094aa       0xea /Applications/microchip/xc32/v4.00/bin/bin/../../lib/gcc/pic32c/8.3.1/../../../../pic32c/lib/thumb/v7e-m+dp/hard/libc-musl.a(memset.o)
 .debug_line    0x00009594      0x19f /Applications/microchip/xc32/v4.00/bin/bin/../../lib/gcc/pic32c/8.3.1/../../../../pic32c/lib/thumb/v7e-m+dp/hard/libc-musl.a(__environ.o)
 .debug_line    0x00009733      0x24e /Applications/microchip/xc32/v4.00/bin/bin/../../lib/gcc/pic32c/8.3.1/../../../../pic32c/lib/thumb/v7e-m+dp/hard/libc-musl.a(fputs.o)
 .debug_line    0x00009981      0x287 /Applications/microchip/xc32/v4.00/bin/bin/../../lib/gcc/pic32c/8.3.1/../../../../pic32c/lib/thumb/v7e-m+dp/hard/libc-musl.a(fwrite.o)
 .debug_line    0x00009c08      0x2a4 /Applications/microchip/xc32/v4.00/bin/bin/../../lib/gcc/pic32c/8.3.1/../../../../pic32c/lib/thumb/v7e-m+dp/hard/libc-musl.a(putc.o)
 .debug_line    0x00009eac      0x208 /Applications/microchip/xc32/v4.00/bin/bin/../../lib/gcc/pic32c/8.3.1/../../../../pic32c/lib/thumb/v7e-m+dp/hard/libc-musl.a(stdout.o)
 .debug_line    0x0000a0b4      0x209 /Applications/microchip/xc32/v4.00/bin/bin/../../lib/gcc/pic32c/8.3.1/../../../../pic32c/lib/thumb/v7e-m+dp/hard/libc-musl.a(vfprintf.o)
 .debug_line    0x0000a2bd       0xe6 /Applications/microchip/xc32/v4.00/bin/bin/../../lib/gcc/pic32c/8.3.1/../../../../pic32c/lib/thumb/v7e-m+dp/hard/libc-musl.a(strlen.o)
 .debug_line    0x0000a3a3      0x2b9 /Applications/microchip/xc32/v4.00/bin/bin/../../lib/gcc/pic32c/8.3.1/../../../../pic32c/lib/thumb/v7e-m+dp/hard/libc-musl.a(__out.o)
 .debug_line    0x0000a65c      0x71f /Applications/microchip/xc32/v4.00/bin/bin/../../lib/gcc/pic32c/8.3.1/../../../../pic32c/lib/thumb/v7e-m+dp/hard/libc-musl.a(__printf_core.o)
 .debug_line    0x0000ad7b      0x177 /Applications/microchip/xc32/v4.00/bin/bin/../../lib/gcc/pic32c/8.3.1/../../../../pic32c/lib/thumb/v7e-m+dp/hard/libc-musl.a(atoi.o)
 .debug_line    0x0000aef2      0x1dc /Applications/microchip/xc32/v4.00/bin/bin/../../lib/gcc/pic32c/8.3.1/../../../../pic32c/lib/thumb/v7e-m+dp/hard/libc-musl.a(tolower.o)
 .debug_line    0x0000b0ce      0x1ad /Applications/microchip/xc32/v4.00/bin/bin/../../lib/gcc/pic32c/8.3.1/../../../../pic32c/lib/thumb/v7e-m+dp/hard/libc-musl.a(__errno_location.o)
 .debug_line    0x0000b27b      0x6b5 /Applications/microchip/xc32/v4.00/bin/bin/../../lib/gcc/pic32c/8.3.1/../../../../pic32c/lib/thumb/v7e-m+dp/hard/libc-musl.a(__fmt_a.o)
 .debug_line    0x0000b930      0x2af /Applications/microchip/xc32/v4.00/bin/bin/../../lib/gcc/pic32c/8.3.1/../../../../pic32c/lib/thumb/v7e-m+dp/hard/libc-musl.a(__fmt_d.o)
 .debug_line    0x0000bbdf      0x68b /Applications/microchip/xc32/v4.00/bin/bin/../../lib/gcc/pic32c/8.3.1/../../../../pic32c/lib/thumb/v7e-m+dp/hard/libc-musl.a(__fmt_fp.o)
 .debug_line    0x0000c26a      0x259 /Applications/microchip/xc32/v4.00/bin/bin/../../lib/gcc/pic32c/8.3.1/../../../../pic32c/lib/thumb/v7e-m+dp/hard/libc-musl.a(__fmt_o.o)
 .debug_line    0x0000c4c3      0x29a /Applications/microchip/xc32/v4.00/bin/bin/../../lib/gcc/pic32c/8.3.1/../../../../pic32c/lib/thumb/v7e-m+dp/hard/libc-musl.a(__fmt_s.o)
 .debug_line    0x0000c75d      0x2e3 /Applications/microchip/xc32/v4.00/bin/bin/../../lib/gcc/pic32c/8.3.1/../../../../pic32c/lib/thumb/v7e-m+dp/hard/libc-musl.a(__fmt_u.o)
 .debug_line    0x0000ca40      0x38e /Applications/microchip/xc32/v4.00/bin/bin/../../lib/gcc/pic32c/8.3.1/../../../../pic32c/lib/thumb/v7e-m+dp/hard/libc-musl.a(__fmt_x.o)
 .debug_line    0x0000cdce      0x1eb /Applications/microchip/xc32/v4.00/bin/bin/../../lib/gcc/pic32c/8.3.1/../../../../pic32c/lib/thumb/v7e-m+dp/hard/libc-musl.a(__init_stdio.o)
 .debug_line    0x0000cfb9      0x1f7 /Applications/microchip/xc32/v4.00/bin/bin/../../lib/gcc/pic32c/8.3.1/../../../../pic32c/lib/thumb/v7e-m+dp/hard/libc-musl.a(__pop_float.o)
 .debug_line    0x0000d1b0      0x28d /Applications/microchip/xc32/v4.00/bin/bin/../../lib/gcc/pic32c/8.3.1/../../../../pic32c/lib/thumb/v7e-m+dp/hard/libc-musl.a(__pop_int.o)
 .debug_line    0x0000d43d      0x272 /Applications/microchip/xc32/v4.00/bin/bin/../../lib/gcc/pic32c/8.3.1/../../../../pic32c/lib/thumb/v7e-m+dp/hard/libc-musl.a(__pop_ptr.o)
 .debug_line    0x0000d6af       0xb5 /Applications/microchip/xc32/v4.00/bin/bin/../../lib/gcc/pic32c/8.3.1/../../../../pic32c/lib/thumb/v7e-m+dp/hard/libc-musl.a(strcpy.o)
 .debug_line    0x0000d764      0x1dc /Applications/microchip/xc32/v4.00/bin/bin/../../lib/gcc/pic32c/8.3.1/../../../../pic32c/lib/thumb/v7e-m+dp/hard/libc-musl.a(toupper.o)
 .debug_line    0x0000d940      0x1d4 /Applications/microchip/xc32/v4.00/bin/bin/../../lib/gcc/pic32c/8.3.1/../../../../pic32c/lib/thumb/v7e-m+dp/hard/libc-musl.a(stpcpy.o)
 .debug_line    0x0000db14       0x9c /Applications/microchip/xc32/v4.00/bin/bin/../../lib/gcc/pic32c/8.3.1/thumb/v7e-m+dp/hard/libgcc.a(_aeabi_uldivmod.o)
 .debug_line    0x0000dbb0      0x57e /Applications/microchip/xc32/v4.00/bin/bin/../../lib/gcc/pic32c/8.3.1/thumb/v7e-m+dp/hard/libgcc.a(_udivmoddi4.o)
 .debug_line    0x0000e12e       0x9c /Applications/microchip/xc32/v4.00/bin/bin/../../lib/gcc/pic32c/8.3.1/thumb/v7e-m+dp/hard/libgcc.a(_dvmd_tls.o)
 .debug_line    0x0000e1ca       0xd0 /Applications/microchip/xc32/v4.00/bin/bin/../../lib/gcc/pic32c/8.3.1/../../../../pic32c/lib/thumb/v7e-m+dp/hard/libpic32c.a(write.o)

.debug_str      0x00000000      0xfc2
 .debug_str     0x00000000        0x0 build/poop_config/production/_ext/350270242/bsp.o
 .debug_str     0x00000000      0x1c9 build/poop_config/production/_ext/417897552/drv_bm71.o
 .debug_str     0x000001c9       0x3a build/poop_config/production/_ext/417897552/drv_bm71_ble.o
 .debug_str     0x00000203       0x6f build/poop_config/production/_ext/417897552/drv_bm71_command_decode.o
 .debug_str     0x00000272       0x16 build/poop_config/production/_ext/417897552/drv_bm71_command_send.o
 .debug_str     0x00000288       0x84 build/poop_config/production/_ext/417897552/drv_bm71_uart.o
 .debug_str     0x0000030c      0x13b build/poop_config/production/_ext/2026911312/osal_freertos.o
 .debug_str     0x00000447        0x0 build/poop_config/production/_ext/1722314256/plib_clk.o
 .debug_str     0x00000447       0x14 build/poop_config/production/_ext/1722315984/plib_efc.o
 .debug_str     0x0000045b       0x28 build/poop_config/production/_ext/1852471732/plib_nvic.o
 .debug_str     0x00000483       0x46 build/poop_config/production/_ext/1722326660/plib_pio.o
 .debug_str     0x000004c9        0xa build/poop_config/production/_ext/2022650943/plib_tc0.o
 .debug_str     0x000004d3       0x1c build/poop_config/production/_ext/1598417011/plib_usart0.o
 .debug_str     0x000004ef        0x0 build/poop_config/production/_ext/1586531992/xc32_monitor.o
 .debug_str     0x000004ef       0x32 build/poop_config/production/_ext/751150107/sys_int.o
 .debug_str     0x00000521      0x160 build/poop_config/production/_ext/114881631/sys_time.o
 .debug_str     0x00000681       0xaf build/poop_config/production/_ext/514050002/initialization.o
 .debug_str     0x00000730        0x0 build/poop_config/production/_ext/514050002/interrupts.o
 .debug_str     0x00000730        0x0 build/poop_config/production/_ext/514050002/exceptions.o
 .debug_str     0x00000730       0x2f build/poop_config/production/_ext/514050002/startup_xc32.o
 .debug_str     0x0000075f       0x25 build/poop_config/production/_ext/514050002/freertos_hooks.o
 .debug_str     0x00000784       0x39 build/poop_config/production/_ext/514050002/tasks.o
 .debug_str     0x000007bd       0x26 build/poop_config/production/_ext/977623654/port.o
 .debug_str     0x000007e3       0x3c build/poop_config/production/_ext/1665200909/heap_1.o
 .debug_str     0x0000081f       0x2b build/poop_config/production/_ext/404212886/list.o
 .debug_str     0x0000084a      0x27f build/poop_config/production/_ext/404212886/queue.o
 .debug_str     0x00000ac9      0x275 build/poop_config/production/_ext/404212886/FreeRTOS_tasks.o
 .debug_str     0x00000d3e       0x19 build/poop_config/production/_ext/1360937237/main.o
 .debug_str     0x00000d57        0x0 build/poop_config/production/_ext/1360937237/app.o
 .debug_str     0x00000d57        0x0 /Applications/microchip/xc32/v4.00/bin/bin/../../lib/gcc/pic32c/8.3.1/../../../../pic32c/lib/thumb/v7e-m+dp/hard/libpic32c.a(data_init.o)
 .debug_str     0x00000d57        0x0 /Applications/microchip/xc32/v4.00/bin/bin/../../lib/gcc/pic32c/8.3.1/../../../../pic32c/lib/thumb/v7e-m+dp/hard/libc-musl.a(__libc_start_main.o)
 .debug_str     0x00000d57        0x0 /Applications/microchip/xc32/v4.00/bin/bin/../../lib/gcc/pic32c/8.3.1/../../../../pic32c/lib/thumb/v7e-m+dp/hard/libc-musl.a(libc.o)
 .debug_str     0x00000d57        0x9 /Applications/microchip/xc32/v4.00/bin/bin/../../lib/gcc/pic32c/8.3.1/../../../../pic32c/lib/thumb/v7e-m+dp/hard/libc-musl.a(printf.o)
 .debug_str     0x00000d60        0xe /Applications/microchip/xc32/v4.00/bin/bin/../../lib/gcc/pic32c/8.3.1/../../../../pic32c/lib/thumb/v7e-m+dp/hard/libc-musl.a(puts.o)
 .debug_str     0x00000d6e        0x0 /Applications/microchip/xc32/v4.00/bin/bin/../../lib/gcc/pic32c/8.3.1/../../../../pic32c/lib/thumb/v7e-m+dp/hard/libc-musl.a(memcpy.o)
 .debug_str     0x00000d6e        0x0 /Applications/microchip/xc32/v4.00/bin/bin/../../lib/gcc/pic32c/8.3.1/../../../../pic32c/lib/thumb/v7e-m+dp/hard/libc-musl.a(memset.o)
 .debug_str     0x00000d6e        0x0 /Applications/microchip/xc32/v4.00/bin/bin/../../lib/gcc/pic32c/8.3.1/../../../../pic32c/lib/thumb/v7e-m+dp/hard/libc-musl.a(__environ.o)
 .debug_str     0x00000d6e        0x0 /Applications/microchip/xc32/v4.00/bin/bin/../../lib/gcc/pic32c/8.3.1/../../../../pic32c/lib/thumb/v7e-m+dp/hard/libc-musl.a(fputs.o)
 .debug_str     0x00000d6e        0x0 /Applications/microchip/xc32/v4.00/bin/bin/../../lib/gcc/pic32c/8.3.1/../../../../pic32c/lib/thumb/v7e-m+dp/hard/libc-musl.a(fwrite.o)
 .debug_str     0x00000d6e       0x16 /Applications/microchip/xc32/v4.00/bin/bin/../../lib/gcc/pic32c/8.3.1/../../../../pic32c/lib/thumb/v7e-m+dp/hard/libc-musl.a(putc.o)
 .debug_str     0x00000d84       0x11 /Applications/microchip/xc32/v4.00/bin/bin/../../lib/gcc/pic32c/8.3.1/../../../../pic32c/lib/thumb/v7e-m+dp/hard/libc-musl.a(stdout.o)
 .debug_str     0x00000d95       0x1e /Applications/microchip/xc32/v4.00/bin/bin/../../lib/gcc/pic32c/8.3.1/../../../../pic32c/lib/thumb/v7e-m+dp/hard/libc-musl.a(vfprintf.o)
 .debug_str     0x00000db3        0x0 /Applications/microchip/xc32/v4.00/bin/bin/../../lib/gcc/pic32c/8.3.1/../../../../pic32c/lib/thumb/v7e-m+dp/hard/libc-musl.a(strlen.o)
 .debug_str     0x00000db3        0x0 /Applications/microchip/xc32/v4.00/bin/bin/../../lib/gcc/pic32c/8.3.1/../../../../pic32c/lib/thumb/v7e-m+dp/hard/libc-musl.a(__out.o)
 .debug_str     0x00000db3       0x20 /Applications/microchip/xc32/v4.00/bin/bin/../../lib/gcc/pic32c/8.3.1/../../../../pic32c/lib/thumb/v7e-m+dp/hard/libc-musl.a(__printf_core.o)
 .debug_str     0x00000dd3        0x0 /Applications/microchip/xc32/v4.00/bin/bin/../../lib/gcc/pic32c/8.3.1/../../../../pic32c/lib/thumb/v7e-m+dp/hard/libc-musl.a(atoi.o)
 .debug_str     0x00000dd3        0x0 /Applications/microchip/xc32/v4.00/bin/bin/../../lib/gcc/pic32c/8.3.1/../../../../pic32c/lib/thumb/v7e-m+dp/hard/libc-musl.a(tolower.o)
 .debug_str     0x00000dd3        0x0 /Applications/microchip/xc32/v4.00/bin/bin/../../lib/gcc/pic32c/8.3.1/../../../../pic32c/lib/thumb/v7e-m+dp/hard/libc-musl.a(__errno_location.o)
 .debug_str     0x00000dd3        0x0 /Applications/microchip/xc32/v4.00/bin/bin/../../lib/gcc/pic32c/8.3.1/../../../../pic32c/lib/thumb/v7e-m+dp/hard/libc-musl.a(__fmt_a.o)
 .debug_str     0x00000dd3        0x0 /Applications/microchip/xc32/v4.00/bin/bin/../../lib/gcc/pic32c/8.3.1/../../../../pic32c/lib/thumb/v7e-m+dp/hard/libc-musl.a(__fmt_d.o)
 .debug_str     0x00000dd3        0x0 /Applications/microchip/xc32/v4.00/bin/bin/../../lib/gcc/pic32c/8.3.1/../../../../pic32c/lib/thumb/v7e-m+dp/hard/libc-musl.a(__fmt_fp.o)
 .debug_str     0x00000dd3        0x0 /Applications/microchip/xc32/v4.00/bin/bin/../../lib/gcc/pic32c/8.3.1/../../../../pic32c/lib/thumb/v7e-m+dp/hard/libc-musl.a(__fmt_o.o)
 .debug_str     0x00000dd3        0x0 /Applications/microchip/xc32/v4.00/bin/bin/../../lib/gcc/pic32c/8.3.1/../../../../pic32c/lib/thumb/v7e-m+dp/hard/libc-musl.a(__fmt_s.o)
 .debug_str     0x00000dd3        0x6 /Applications/microchip/xc32/v4.00/bin/bin/../../lib/gcc/pic32c/8.3.1/../../../../pic32c/lib/thumb/v7e-m+dp/hard/libc-musl.a(__fmt_u.o)
 .debug_str     0x00000dd9        0x0 /Applications/microchip/xc32/v4.00/bin/bin/../../lib/gcc/pic32c/8.3.1/../../../../pic32c/lib/thumb/v7e-m+dp/hard/libc-musl.a(__fmt_x.o)
 .debug_str     0x00000dd9        0x0 /Applications/microchip/xc32/v4.00/bin/bin/../../lib/gcc/pic32c/8.3.1/../../../../pic32c/lib/thumb/v7e-m+dp/hard/libc-musl.a(__init_stdio.o)
 .debug_str     0x00000dd9        0x0 /Applications/microchip/xc32/v4.00/bin/bin/../../lib/gcc/pic32c/8.3.1/../../../../pic32c/lib/thumb/v7e-m+dp/hard/libc-musl.a(__pop_float.o)
 .debug_str     0x00000dd9        0x0 /Applications/microchip/xc32/v4.00/bin/bin/../../lib/gcc/pic32c/8.3.1/../../../../pic32c/lib/thumb/v7e-m+dp/hard/libc-musl.a(__pop_int.o)
 .debug_str     0x00000dd9        0x0 /Applications/microchip/xc32/v4.00/bin/bin/../../lib/gcc/pic32c/8.3.1/../../../../pic32c/lib/thumb/v7e-m+dp/hard/libc-musl.a(__pop_ptr.o)
 .debug_str     0x00000dd9        0x9 /Applications/microchip/xc32/v4.00/bin/bin/../../lib/gcc/pic32c/8.3.1/../../../../pic32c/lib/thumb/v7e-m+dp/hard/libc-musl.a(strcpy.o)
 .debug_str     0x00000de2        0x0 /Applications/microchip/xc32/v4.00/bin/bin/../../lib/gcc/pic32c/8.3.1/../../../../pic32c/lib/thumb/v7e-m+dp/hard/libc-musl.a(toupper.o)
 .debug_str     0x00000de2        0x0 /Applications/microchip/xc32/v4.00/bin/bin/../../lib/gcc/pic32c/8.3.1/../../../../pic32c/lib/thumb/v7e-m+dp/hard/libc-musl.a(stpcpy.o)
 .debug_str     0x00000de2       0xee /Applications/microchip/xc32/v4.00/bin/bin/../../lib/gcc/pic32c/8.3.1/thumb/v7e-m+dp/hard/libgcc.a(_aeabi_uldivmod.o)
 .debug_str     0x00000ed0        0x0 /Applications/microchip/xc32/v4.00/bin/bin/../../lib/gcc/pic32c/8.3.1/thumb/v7e-m+dp/hard/libgcc.a(_udivmoddi4.o)
 .debug_str     0x00000ed0       0xf2 /Applications/microchip/xc32/v4.00/bin/bin/../../lib/gcc/pic32c/8.3.1/thumb/v7e-m+dp/hard/libgcc.a(_dvmd_tls.o)
 .debug_str     0x00000fc2        0x0 /Applications/microchip/xc32/v4.00/bin/bin/../../lib/gcc/pic32c/8.3.1/../../../../pic32c/lib/thumb/v7e-m+dp/hard/libpic32c.a(write.o)

.debug_frame    0x00000000     0x211c
 .debug_frame   0x00000000       0x20 build/poop_config/production/_ext/350270242/bsp.o
 .debug_frame   0x00000020      0x1b8 build/poop_config/production/_ext/417897552/drv_bm71.o
 .debug_frame   0x000001d8      0x110 build/poop_config/production/_ext/417897552/drv_bm71_ble.o
 .debug_frame   0x000002e8       0x78 build/poop_config/production/_ext/417897552/drv_bm71_command_decode.o
 .debug_frame   0x00000360       0x9c build/poop_config/production/_ext/417897552/drv_bm71_command_send.o
 .debug_frame   0x000003fc       0x8c build/poop_config/production/_ext/417897552/drv_bm71_uart.o
 .debug_frame   0x00000488      0x180 build/poop_config/production/_ext/2026911312/osal_freertos.o
 .debug_frame   0x00000608       0x20 build/poop_config/production/_ext/1722314256/plib_clk.o
 .debug_frame   0x00000628       0xec build/poop_config/production/_ext/1722315984/plib_efc.o
 .debug_frame   0x00000714       0x50 build/poop_config/production/_ext/1852471732/plib_nvic.o
 .debug_frame   0x00000764       0xac build/poop_config/production/_ext/1722326660/plib_pio.o
 .debug_frame   0x00000810       0xb8 build/poop_config/production/_ext/2022650943/plib_tc0.o
 .debug_frame   0x000008c8      0x14c build/poop_config/production/_ext/1598417011/plib_usart0.o
 .debug_frame   0x00000a14       0x30 build/poop_config/production/_ext/1586531992/xc32_monitor.o
 .debug_frame   0x00000a44       0x84 build/poop_config/production/_ext/751150107/sys_int.o
 .debug_frame   0x00000ac8      0x3e4 build/poop_config/production/_ext/114881631/sys_time.o
 .debug_frame   0x00000eac       0x28 build/poop_config/production/_ext/514050002/initialization.o
 .debug_frame   0x00000ed4       0x20 build/poop_config/production/_ext/514050002/interrupts.o
 .debug_frame   0x00000ef4       0x70 build/poop_config/production/_ext/514050002/exceptions.o
 .debug_frame   0x00000f64       0x38 build/poop_config/production/_ext/514050002/startup_xc32.o
 .debug_frame   0x00000f9c       0x6c build/poop_config/production/_ext/514050002/freertos_hooks.o
 .debug_frame   0x00001008       0x44 build/poop_config/production/_ext/514050002/tasks.o
 .debug_frame   0x0000104c       0xe8 build/poop_config/production/_ext/977623654/port.o
 .debug_frame   0x00001134       0x5c build/poop_config/production/_ext/1665200909/heap_1.o
 .debug_frame   0x00001190       0x6c build/poop_config/production/_ext/404212886/list.o
 .debug_frame   0x000011fc      0x280 build/poop_config/production/_ext/404212886/queue.o
 .debug_frame   0x0000147c      0x46c build/poop_config/production/_ext/404212886/FreeRTOS_tasks.o
 .debug_frame   0x000018e8       0x28 build/poop_config/production/_ext/1360937237/main.o
 .debug_frame   0x00001910       0x30 build/poop_config/production/_ext/1360937237/app.o
 .debug_frame   0x00001940       0x38 /Applications/microchip/xc32/v4.00/bin/bin/../../lib/gcc/pic32c/8.3.1/../../../../pic32c/lib/thumb/v7e-m+dp/hard/libpic32c.a(data_init.o)
 .debug_frame   0x00001978       0x3c /Applications/microchip/xc32/v4.00/bin/bin/../../lib/gcc/pic32c/8.3.1/../../../../pic32c/lib/thumb/v7e-m+dp/hard/libc-musl.a(__libc_start_main.o)
 .debug_frame   0x000019b4       0x40 /Applications/microchip/xc32/v4.00/bin/bin/../../lib/gcc/pic32c/8.3.1/../../../../pic32c/lib/thumb/v7e-m+dp/hard/libc-musl.a(printf.o)
 .debug_frame   0x000019f4       0x28 /Applications/microchip/xc32/v4.00/bin/bin/../../lib/gcc/pic32c/8.3.1/../../../../pic32c/lib/thumb/v7e-m+dp/hard/libc-musl.a(puts.o)
 .debug_frame   0x00001a1c       0x28 /Applications/microchip/xc32/v4.00/bin/bin/../../lib/gcc/pic32c/8.3.1/../../../../pic32c/lib/thumb/v7e-m+dp/hard/libc-musl.a(memcpy.o)
 .debug_frame   0x00001a44       0x20 /Applications/microchip/xc32/v4.00/bin/bin/../../lib/gcc/pic32c/8.3.1/../../../../pic32c/lib/thumb/v7e-m+dp/hard/libc-musl.a(memset.o)
 .debug_frame   0x00001a64       0x2c /Applications/microchip/xc32/v4.00/bin/bin/../../lib/gcc/pic32c/8.3.1/../../../../pic32c/lib/thumb/v7e-m+dp/hard/libc-musl.a(fputs.o)
 .debug_frame   0x00001a90       0x3c /Applications/microchip/xc32/v4.00/bin/bin/../../lib/gcc/pic32c/8.3.1/../../../../pic32c/lib/thumb/v7e-m+dp/hard/libc-musl.a(fwrite.o)
 .debug_frame   0x00001acc       0x54 /Applications/microchip/xc32/v4.00/bin/bin/../../lib/gcc/pic32c/8.3.1/../../../../pic32c/lib/thumb/v7e-m+dp/hard/libc-musl.a(putc.o)
 .debug_frame   0x00001b20       0x48 /Applications/microchip/xc32/v4.00/bin/bin/../../lib/gcc/pic32c/8.3.1/../../../../pic32c/lib/thumb/v7e-m+dp/hard/libc-musl.a(stdout.o)
 .debug_frame   0x00001b68       0x3c /Applications/microchip/xc32/v4.00/bin/bin/../../lib/gcc/pic32c/8.3.1/../../../../pic32c/lib/thumb/v7e-m+dp/hard/libc-musl.a(vfprintf.o)
 .debug_frame   0x00001ba4       0x20 /Applications/microchip/xc32/v4.00/bin/bin/../../lib/gcc/pic32c/8.3.1/../../../../pic32c/lib/thumb/v7e-m+dp/hard/libc-musl.a(strlen.o)
 .debug_frame   0x00001bc4       0x3c /Applications/microchip/xc32/v4.00/bin/bin/../../lib/gcc/pic32c/8.3.1/../../../../pic32c/lib/thumb/v7e-m+dp/hard/libc-musl.a(__out.o)
 .debug_frame   0x00001c00       0xd8 /Applications/microchip/xc32/v4.00/bin/bin/../../lib/gcc/pic32c/8.3.1/../../../../pic32c/lib/thumb/v7e-m+dp/hard/libc-musl.a(__printf_core.o)
 .debug_frame   0x00001cd8       0x28 /Applications/microchip/xc32/v4.00/bin/bin/../../lib/gcc/pic32c/8.3.1/../../../../pic32c/lib/thumb/v7e-m+dp/hard/libc-musl.a(atoi.o)
 .debug_frame   0x00001d00       0x30 /Applications/microchip/xc32/v4.00/bin/bin/../../lib/gcc/pic32c/8.3.1/../../../../pic32c/lib/thumb/v7e-m+dp/hard/libc-musl.a(tolower.o)
 .debug_frame   0x00001d30       0x84 /Applications/microchip/xc32/v4.00/bin/bin/../../lib/gcc/pic32c/8.3.1/../../../../pic32c/lib/thumb/v7e-m+dp/hard/libc-musl.a(__fmt_a.o)
 .debug_frame   0x00001db4       0x3c /Applications/microchip/xc32/v4.00/bin/bin/../../lib/gcc/pic32c/8.3.1/../../../../pic32c/lib/thumb/v7e-m+dp/hard/libc-musl.a(__fmt_d.o)
 .debug_frame   0x00001df0       0x78 /Applications/microchip/xc32/v4.00/bin/bin/../../lib/gcc/pic32c/8.3.1/../../../../pic32c/lib/thumb/v7e-m+dp/hard/libc-musl.a(__fmt_fp.o)
 .debug_frame   0x00001e68       0x34 /Applications/microchip/xc32/v4.00/bin/bin/../../lib/gcc/pic32c/8.3.1/../../../../pic32c/lib/thumb/v7e-m+dp/hard/libc-musl.a(__fmt_o.o)
 .debug_frame   0x00001e9c       0x34 /Applications/microchip/xc32/v4.00/bin/bin/../../lib/gcc/pic32c/8.3.1/../../../../pic32c/lib/thumb/v7e-m+dp/hard/libc-musl.a(__fmt_s.o)
 .debug_frame   0x00001ed0       0x5c /Applications/microchip/xc32/v4.00/bin/bin/../../lib/gcc/pic32c/8.3.1/../../../../pic32c/lib/thumb/v7e-m+dp/hard/libc-musl.a(__fmt_u.o)
 .debug_frame   0x00001f2c       0x40 /Applications/microchip/xc32/v4.00/bin/bin/../../lib/gcc/pic32c/8.3.1/../../../../pic32c/lib/thumb/v7e-m+dp/hard/libc-musl.a(__fmt_x.o)
 .debug_frame   0x00001f6c       0x38 /Applications/microchip/xc32/v4.00/bin/bin/../../lib/gcc/pic32c/8.3.1/../../../../pic32c/lib/thumb/v7e-m+dp/hard/libc-musl.a(__init_stdio.o)
 .debug_frame   0x00001fa4       0x20 /Applications/microchip/xc32/v4.00/bin/bin/../../lib/gcc/pic32c/8.3.1/../../../../pic32c/lib/thumb/v7e-m+dp/hard/libc-musl.a(__pop_float.o)
 .debug_frame   0x00001fc4       0x2c /Applications/microchip/xc32/v4.00/bin/bin/../../lib/gcc/pic32c/8.3.1/../../../../pic32c/lib/thumb/v7e-m+dp/hard/libc-musl.a(__pop_int.o)
 .debug_frame   0x00001ff0       0x28 /Applications/microchip/xc32/v4.00/bin/bin/../../lib/gcc/pic32c/8.3.1/../../../../pic32c/lib/thumb/v7e-m+dp/hard/libc-musl.a(__pop_ptr.o)
 .debug_frame   0x00002018       0x28 /Applications/microchip/xc32/v4.00/bin/bin/../../lib/gcc/pic32c/8.3.1/../../../../pic32c/lib/thumb/v7e-m+dp/hard/libc-musl.a(strcpy.o)
 .debug_frame   0x00002040       0x30 /Applications/microchip/xc32/v4.00/bin/bin/../../lib/gcc/pic32c/8.3.1/../../../../pic32c/lib/thumb/v7e-m+dp/hard/libc-musl.a(toupper.o)
 .debug_frame   0x00002070       0x20 /Applications/microchip/xc32/v4.00/bin/bin/../../lib/gcc/pic32c/8.3.1/../../../../pic32c/lib/thumb/v7e-m+dp/hard/libc-musl.a(stpcpy.o)
 .debug_frame   0x00002090       0x2c /Applications/microchip/xc32/v4.00/bin/bin/../../lib/gcc/pic32c/8.3.1/thumb/v7e-m+dp/hard/libgcc.a(_aeabi_uldivmod.o)
 .debug_frame   0x000020bc       0x34 /Applications/microchip/xc32/v4.00/bin/bin/../../lib/gcc/pic32c/8.3.1/thumb/v7e-m+dp/hard/libgcc.a(_udivmoddi4.o)
 .debug_frame   0x000020f0       0x2c /Applications/microchip/xc32/v4.00/bin/bin/../../lib/gcc/pic32c/8.3.1/../../../../pic32c/lib/thumb/v7e-m+dp/hard/libpic32c.a(write.o)

.debug_loc      0x00000000     0xcce6
 .debug_loc     0x00000000      0x6d2 build/poop_config/production/_ext/417897552/drv_bm71.o
 .debug_loc     0x000006d2      0x5b6 build/poop_config/production/_ext/417897552/drv_bm71_ble.o
 .debug_loc     0x00000c88       0xa2 build/poop_config/production/_ext/417897552/drv_bm71_command_decode.o
 .debug_loc     0x00000d2a      0x239 build/poop_config/production/_ext/417897552/drv_bm71_command_send.o
 .debug_loc     0x00000f63       0xd5 build/poop_config/production/_ext/417897552/drv_bm71_uart.o
 .debug_loc     0x00001038      0x727 build/poop_config/production/_ext/2026911312/osal_freertos.o
 .debug_loc     0x0000175f      0x611 build/poop_config/production/_ext/1722315984/plib_efc.o
 .debug_loc     0x00001d70      0x124 build/poop_config/production/_ext/1852471732/plib_nvic.o
 .debug_loc     0x00001e94       0xc0 build/poop_config/production/_ext/1722326660/plib_pio.o
 .debug_loc     0x00001f54       0x46 build/poop_config/production/_ext/2022650943/plib_tc0.o
 .debug_loc     0x00001f9a      0x631 build/poop_config/production/_ext/1598417011/plib_usart0.o
 .debug_loc     0x000025cb       0x25 build/poop_config/production/_ext/1586531992/xc32_monitor.o
 .debug_loc     0x000025f0      0x182 build/poop_config/production/_ext/751150107/sys_int.o
 .debug_loc     0x00002772     0x22b8 build/poop_config/production/_ext/114881631/sys_time.o
 .debug_loc     0x00004a2a       0x45 build/poop_config/production/_ext/514050002/initialization.o
 .debug_loc     0x00004a6f       0xa7 build/poop_config/production/_ext/514050002/startup_xc32.o
 .debug_loc     0x00004b16       0x82 build/poop_config/production/_ext/514050002/freertos_hooks.o
 .debug_loc     0x00004b98       0x7d build/poop_config/production/_ext/514050002/tasks.o
 .debug_loc     0x00004c15      0x13a build/poop_config/production/_ext/977623654/port.o
 .debug_loc     0x00004d4f       0x80 build/poop_config/production/_ext/1665200909/heap_1.o
 .debug_loc     0x00004dcf       0xbf build/poop_config/production/_ext/404212886/list.o
 .debug_loc     0x00004e8e     0x16e4 build/poop_config/production/_ext/404212886/queue.o
 .debug_loc     0x00006572     0x211d build/poop_config/production/_ext/404212886/FreeRTOS_tasks.o
 .debug_loc     0x0000868f       0x20 build/poop_config/production/_ext/1360937237/main.o